Archive member included to satisfy reference by file (symbol)

C:/Users/berat/.eclipse/com.st.stm32cube.ide.mcu.rcp.product_1.15.0_1209370567_win32_win32_x86_64/plugins/com.st.stm32cube.ide.mcu.externaltools.gnu-tools-for-stm32.12.3.rel1.win32_1.0.200.202406191623/tools/bin/../lib/gcc/arm-none-eabi/12.3.1/../../../../arm-none-eabi/lib/thumb/v7e-m+fp/hard\libc_nano.a(libc_a-exit.o)
                              C:/Users/berat/.eclipse/com.st.stm32cube.ide.mcu.rcp.product_1.15.0_1209370567_win32_win32_x86_64/plugins/com.st.stm32cube.ide.mcu.externaltools.gnu-tools-for-stm32.12.3.rel1.win32_1.0.200.202406191623/tools/bin/../lib/gcc/arm-none-eabi/12.3.1/../../../../arm-none-eabi/lib/thumb/v7e-m+fp/hard/crt0.o (exit)
C:/Users/berat/.eclipse/com.st.stm32cube.ide.mcu.rcp.product_1.15.0_1209370567_win32_win32_x86_64/plugins/com.st.stm32cube.ide.mcu.externaltools.gnu-tools-for-stm32.12.3.rel1.win32_1.0.200.202406191623/tools/bin/../lib/gcc/arm-none-eabi/12.3.1/../../../../arm-none-eabi/lib/thumb/v7e-m+fp/hard\libc_nano.a(libc_a-findfp.o)
                              C:/Users/berat/.eclipse/com.st.stm32cube.ide.mcu.rcp.product_1.15.0_1209370567_win32_win32_x86_64/plugins/com.st.stm32cube.ide.mcu.externaltools.gnu-tools-for-stm32.12.3.rel1.win32_1.0.200.202406191623/tools/bin/../lib/gcc/arm-none-eabi/12.3.1/../../../../arm-none-eabi/lib/thumb/v7e-m+fp/hard\libc_nano.a(libc_a-exit.o) (__stdio_exit_handler)
C:/Users/berat/.eclipse/com.st.stm32cube.ide.mcu.rcp.product_1.15.0_1209370567_win32_win32_x86_64/plugins/com.st.stm32cube.ide.mcu.externaltools.gnu-tools-for-stm32.12.3.rel1.win32_1.0.200.202406191623/tools/bin/../lib/gcc/arm-none-eabi/12.3.1/../../../../arm-none-eabi/lib/thumb/v7e-m+fp/hard\libc_nano.a(libc_a-fwalk.o)
                              C:/Users/berat/.eclipse/com.st.stm32cube.ide.mcu.rcp.product_1.15.0_1209370567_win32_win32_x86_64/plugins/com.st.stm32cube.ide.mcu.externaltools.gnu-tools-for-stm32.12.3.rel1.win32_1.0.200.202406191623/tools/bin/../lib/gcc/arm-none-eabi/12.3.1/../../../../arm-none-eabi/lib/thumb/v7e-m+fp/hard\libc_nano.a(libc_a-findfp.o) (_fwalk_sglue)
C:/Users/berat/.eclipse/com.st.stm32cube.ide.mcu.rcp.product_1.15.0_1209370567_win32_win32_x86_64/plugins/com.st.stm32cube.ide.mcu.externaltools.gnu-tools-for-stm32.12.3.rel1.win32_1.0.200.202406191623/tools/bin/../lib/gcc/arm-none-eabi/12.3.1/../../../../arm-none-eabi/lib/thumb/v7e-m+fp/hard\libc_nano.a(libc_a-snprintf.o)
                              ./Core/Src/main.o (snprintf)
C:/Users/berat/.eclipse/com.st.stm32cube.ide.mcu.rcp.product_1.15.0_1209370567_win32_win32_x86_64/plugins/com.st.stm32cube.ide.mcu.externaltools.gnu-tools-for-stm32.12.3.rel1.win32_1.0.200.202406191623/tools/bin/../lib/gcc/arm-none-eabi/12.3.1/../../../../arm-none-eabi/lib/thumb/v7e-m+fp/hard\libc_nano.a(libc_a-stdio.o)
                              C:/Users/berat/.eclipse/com.st.stm32cube.ide.mcu.rcp.product_1.15.0_1209370567_win32_win32_x86_64/plugins/com.st.stm32cube.ide.mcu.externaltools.gnu-tools-for-stm32.12.3.rel1.win32_1.0.200.202406191623/tools/bin/../lib/gcc/arm-none-eabi/12.3.1/../../../../arm-none-eabi/lib/thumb/v7e-m+fp/hard\libc_nano.a(libc_a-findfp.o) (__sread)
C:/Users/berat/.eclipse/com.st.stm32cube.ide.mcu.rcp.product_1.15.0_1209370567_win32_win32_x86_64/plugins/com.st.stm32cube.ide.mcu.externaltools.gnu-tools-for-stm32.12.3.rel1.win32_1.0.200.202406191623/tools/bin/../lib/gcc/arm-none-eabi/12.3.1/../../../../arm-none-eabi/lib/thumb/v7e-m+fp/hard\libc_nano.a(libc_a-memset.o)
                              C:/Users/berat/.eclipse/com.st.stm32cube.ide.mcu.rcp.product_1.15.0_1209370567_win32_win32_x86_64/plugins/com.st.stm32cube.ide.mcu.externaltools.gnu-tools-for-stm32.12.3.rel1.win32_1.0.200.202406191623/tools/bin/../lib/gcc/arm-none-eabi/12.3.1/../../../../arm-none-eabi/lib/thumb/v7e-m+fp/hard/crt0.o (memset)
C:/Users/berat/.eclipse/com.st.stm32cube.ide.mcu.rcp.product_1.15.0_1209370567_win32_win32_x86_64/plugins/com.st.stm32cube.ide.mcu.externaltools.gnu-tools-for-stm32.12.3.rel1.win32_1.0.200.202406191623/tools/bin/../lib/gcc/arm-none-eabi/12.3.1/../../../../arm-none-eabi/lib/thumb/v7e-m+fp/hard\libc_nano.a(libc_a-closer.o)
                              C:/Users/berat/.eclipse/com.st.stm32cube.ide.mcu.rcp.product_1.15.0_1209370567_win32_win32_x86_64/plugins/com.st.stm32cube.ide.mcu.externaltools.gnu-tools-for-stm32.12.3.rel1.win32_1.0.200.202406191623/tools/bin/../lib/gcc/arm-none-eabi/12.3.1/../../../../arm-none-eabi/lib/thumb/v7e-m+fp/hard\libc_nano.a(libc_a-stdio.o) (_close_r)
C:/Users/berat/.eclipse/com.st.stm32cube.ide.mcu.rcp.product_1.15.0_1209370567_win32_win32_x86_64/plugins/com.st.stm32cube.ide.mcu.externaltools.gnu-tools-for-stm32.12.3.rel1.win32_1.0.200.202406191623/tools/bin/../lib/gcc/arm-none-eabi/12.3.1/../../../../arm-none-eabi/lib/thumb/v7e-m+fp/hard\libc_nano.a(libc_a-reent.o)
[...]
Memory Configuration

Name             Origin             Length             Attributes
RAM              0x20000000         0x00020000         xrw
FLASH            0x08000000         0x00080000         xr
*default*        0x00000000         0xffffffff

Linker script and memory map

LOAD C:/Users/berat/.eclipse/com.st.stm32cube.ide.mcu.rcp.product_1.15.0_1209370567_win32_win32_x86_64/plugins/com.st.stm32cube.ide.mcu.externaltools.gnu-tools-for-stm32.12.3.rel1.win32_1.0.200.202406191623/tools/bin/../lib/gcc/arm-none-eabi/12.3.1/thumb/v7e-m+fp/hard/crti.o
LOAD C:/Users/berat/.eclipse/com.st.stm32cube.ide.mcu.rcp.product_1.15.0_1209370567_win32_win32_x86_64/plugins/com.st.stm32cube.ide.mcu.externaltools.gnu-tools-for-stm32.12.3.rel1.win32_1.0.200.202406191623/tools/bin/../lib/gcc/arm-none-eabi/12.3.1/thumb/v7e-m+fp/hard/crtbegin.o
LOAD C:/Users/berat/.eclipse/com.st.stm32cube.ide.mcu.rcp.product_1.15.0_1209370567_win32_win32_x86_64/plugins/com.st.stm32cube.ide.mcu.externaltools.gnu-tools-for-stm32.12.3.rel1.win32_1.0.200.202406191623/tools/bin/../lib/gcc/arm-none-eabi/12.3.1/../../../../arm-none-eabi/lib/thumb/v7e-m+fp/hard/crt0.o
LOAD ./Core/Src/MS5611.o
LOAD ./Core/Src/dma.o
LOAD ./Core/Src/fmpi2c.o
LOAD ./Core/Src/gpio.o
LOAD ./Core/Src/i2c.o
LOAD ./Core/Src/main.o
LOAD ./Core/Src/sdio.o
LOAD ./Core/Src/spi.o
LOAD ./Core/Src/stm32f4xx_hal_msp.o
LOAD ./Core/Src/stm32f4xx_it.o
LOAD ./Core/Src/syscalls.o
LOAD ./Core/Src/sysmem.o
LOAD ./Core/Src/system_stm32f4xx.o
LOAD ./Core/Src/usart.o
LOAD ./Core/Startup/startup_stm32f446retx.o
LOAD ./Drivers/STM32F4xx_HAL_Driver/Src/stm32f4xx_hal.o
LOAD ./Drivers/STM32F4xx_HAL_Driver/Src/stm32f4xx_hal_cortex.o
LOAD ./Drivers/STM32F4xx_HAL_Driver/Src/stm32f4xx_hal_dma.o
LOAD ./Drivers/STM32F4xx_HAL_Driver/Src/stm32f4xx_hal_dma_ex.o
LOAD ./Drivers/STM32F4xx_HAL_Driver/Src/stm32f4xx_hal_exti.o
LOAD ./Drivers/STM32F4xx_HAL_Driver/Src/stm32f4xx_hal_flash.o
LOAD ./Drivers/STM32F4xx_HAL_Driver/Src/stm32f4xx_hal_flash_ex.o
LOAD ./Drivers/STM32F4xx_HAL_Driver/Src/stm32f4xx_hal_flash_ramfunc.o
LOAD ./Drivers/STM32F4xx_HAL_Driver/Src/stm32f4xx_hal_fmpi2c.o
LOAD ./Drivers/STM32F4xx_HAL_Driver/Src/stm32f4xx_hal_fmpi2c_ex.o
LOAD ./Drivers/STM32F4xx_HAL_Driver/Src/stm32f4xx_hal_gpio.o
LOAD ./Drivers/STM32F4xx_HAL_Driver/Src/stm32f4xx_hal_i2c.o
LOAD ./Drivers/STM32F4xx_HAL_Driver/Src/stm32f4xx_hal_i2c_ex.o
LOAD ./Drivers/STM32F4xx_HAL_Driver/Src/stm32f4xx_hal_pcd.o
LOAD ./Drivers/STM32F4xx_HAL_Driver/Src/stm32f4xx_hal_pcd_ex.o
LOAD ./Drivers/STM32F4xx_HAL_Driver/Src/stm32f4xx_hal_pwr.o
LOAD ./Drivers/STM32F4xx_HAL_Driver/Src/stm32f4xx_hal_pwr_ex.o
LOAD ./Drivers/STM32F4xx_HAL_Driver/Src/stm32f4xx_hal_rcc.o
LOAD ./Drivers/STM32F4xx_HAL_Driver/Src/stm32f4xx_hal_rcc_ex.o
LOAD ./Drivers/STM32F4xx_HAL_Driver/Src/stm32f4xx_hal_sd.o
LOAD ./Drivers/STM32F4xx_HAL_Driver/Src/stm32f4xx_hal_spi.o
LOAD ./Drivers/STM32F4xx_HAL_Driver/Src/stm32f4xx_hal_tim.o
LOAD ./Drivers/STM32F4xx_HAL_Driver/Src/stm32f4xx_hal_tim_ex.o
LOAD ./Drivers/STM32F4xx_HAL_Driver/Src/stm32f4xx_hal_uart.o
LOAD ./Drivers/STM32F4xx_HAL_Driver/Src/stm32f4xx_ll_sdmmc.o
LOAD ./Drivers/STM32F4xx_HAL_Driver/Src/stm32f4xx_ll_usb.o
LOAD ./FATFS/App/fatfs.o
LOAD ./FATFS/Target/bsp_driver_sd.o
LOAD ./FATFS/Target/fatfs_platform.o
LOAD ./FATFS/Target/sd_diskio.o
LOAD ./Middlewares/ST/STM32_USB_Device_Library/Class/CDC/Src/usbd_cdc.o
LOAD ./Middlewares/ST/STM32_USB_Device_Library/Core/Src/usbd_core.o
LOAD ./Middlewares/ST/STM32_USB_Device_Library/Core/Src/usbd_ctlreq.o
LOAD ./Middlewares/ST/STM32_USB_Device_Library/Core/Src/usbd_ioreq.o
LOAD ./Middlewares/Third_Party/FatFs/src/diskio.o
LOAD ./Middlewares/Third_Party/FatFs/src/ff.o
LOAD ./Middlewares/Third_Party/FatFs/src/ff_gen_drv.o
LOAD ./Middlewares/Third_Party/FatFs/src/option/syscall.o
LOAD ./USB_DEVICE/App/usb_device.o
LOAD ./USB_DEVICE/App/usbd_cdc_if.o
LOAD ./USB_DEVICE/App/usbd_desc.o
LOAD ./USB_DEVICE/Target/usbd_conf.o
START GROUP
LOAD C:/Users/berat/.eclipse/com.st.stm32cube.ide.mcu.rcp.product_1.15.0_1209370567_win32_win32_x86_64/plugins/com.st.stm32cube.ide.mcu.externaltools.gnu-tools-for-stm32.12.3.rel1.win32_1.0.200.202406191623/tools/bin/../lib/gcc/arm-none-eabi/12.3.1/../../../../arm-none-eabi/lib/thumb/v7e-m+fp/hard\libc_nano.a
LOAD C:/Users/berat/.eclipse/com.st.stm32cube.ide.mcu.rcp.product_1.15.0_1209370567_win32_win32_x86_64/plugins/com.st.stm32cube.ide.mcu.externaltools.gnu-tools-for-stm32.12.3.rel1.win32_1.0.200.202406191623/tools/bin/../lib/gcc/arm-none-eabi/12.3.1/../../../../arm-none-eabi/lib/thumb/v7e-m+fp/hard\libm.a
END GROUP
START GROUP
LOAD C:/Users/berat/.eclipse/com.st.stm32cube.ide.mcu.rcp.product_1.15.0_1209370567_win32_win32_x86_64/plugins/com.st.stm32cube.ide.mcu.externaltools.gnu-tools-for-stm32.12.3.rel1.win32_1.0.200.202406191623/tools/bin/../lib/gcc/arm-none-eabi/12.3.1/thumb/v7e-m+fp/hard\libgcc.a
LOAD C:/Users/berat/.eclipse/com.st.stm32cube.ide.mcu.rcp.product_1.15.0_1209370567_win32_win32_x86_64/plugins/com.st.stm32cube.ide.mcu.externaltools.gnu-tools-for-stm32.12.3.rel1.win32_1.0.200.202406191623/tools/bin/../lib/gcc/arm-none-eabi/12.3.1/../../../../arm-none-eabi/lib/thumb/v7e-m+fp/hard\libc_nano.a
END GROUP
START GROUP
LOAD C:/Users/berat/.eclipse/com.st.stm32cube.ide.mcu.rcp.product_1.15.0_1209370567_win32_win32_x86_64/plugins/com.st.stm32cube.ide.mcu.externaltools.gnu-tools-for-stm32.12.3.rel1.win32_1.0.200.202406191623/tools/bin/../lib/gcc/arm-none-eabi/12.3.1/thumb/v7e-m+fp/hard\libgcc.a
LOAD C:/Users/berat/.eclipse/com.st.stm32cube.ide.mcu.rcp.product_1.15.0_1209370567_win32_win32_x86_64/plugins/com.st.stm32cube.ide.mcu.externaltools.gnu-tools-for-stm32.12.3.rel1.win32_1.0.200.202406191623/tools/bin/../lib/gcc/arm-none-eabi/12.3.1/../../../../arm-none-eabi/lib/thumb/v7e-m+fp/hard\libc_nano.a
LOAD C:/Users/berat/.eclipse/com.st.stm32cube.ide.mcu.rcp.product_1.15.0_1209370567_win32_win32_x86_64/plugins/com.st.stm32cube.ide.mcu.externaltools.gnu-tools-for-stm32.12.3.rel1.win32_1.0.200.202406191623/tools/bin/../lib/gcc/arm-none-eabi/12.3.1/../../../../arm-none-eabi/lib/thumb/v7e-m+fp/hard\libnosys.a
END GROUP
START GROUP
LOAD C:/Users/berat/.eclipse/com.st.stm32cube.ide.mcu.rcp.product_1.15.0_1209370567_win32_win32_x86_64/plugins/com.st.stm32cube.ide.mcu.externaltools.gnu-tools-for-stm32.12.3.rel1.win32_1.0.200.202406191623/tools/bin/../lib/gcc/arm-none-eabi/12.3.1/thumb/v7e-m+fp/hard\libgcc.a
LOAD C:/Users/berat/.eclipse/com.st.stm32cube.ide.mcu.rcp.product_1.15.0_1209370567_win32_win32_x86_64/plugins/com.st.stm32cube.ide.mcu.externaltools.gnu-tools-for-stm32.12.3.rel1.win32_1.0.200.202406191623/tools/bin/../lib/gcc/arm-none-eabi/12.3.1/../../../../arm-none-eabi/lib/thumb/v7e-m+fp/hard\libc_nano.a
LOAD C:/Users/berat/.eclipse/com.st.stm32cube.ide.mcu.rcp.product_1.15.0_1209370567_win32_win32_x86_64/plugins/com.st.stm32cube.ide.mcu.externaltools.gnu-tools-for-stm32.12.3.rel1.win32_1.0.200.202406191623/tools/bin/../lib/gcc/arm-none-eabi/12.3.1/../../../../arm-none-eabi/lib/thumb/v7e-m+fp/hard\libnosys.a
END GROUP
LOAD C:/Users/berat/.eclipse/com.st.stm32cube.ide.mcu.rcp.product_1.15.0_1209370567_win32_win32_x86_64/plugins/com.st.stm32cube.ide.mcu.externaltools.gnu-tools-for-stm32.12.3.rel1.win32_1.0.200.202406191623/tools/bin/../lib/gcc/arm-none-eabi/12.3.1/thumb/v7e-m+fp/hard/crtend.o
LOAD C:/Users/berat/.eclipse/com.st.stm32cube.ide.mcu.rcp.product_1.15.0_1209370567_win32_win32_x86_64/plugins/com.st.stm32cube.ide.mcu.externaltools.gnu-tools-for-stm32.12.3.rel1.win32_1.0.200.202406191623/tools/bin/../lib/gcc/arm-none-eabi/12.3.1/thumb/v7e-m+fp/hard/crtn.o
                0x20020000                        _estack = (ORIGIN (RAM) + LENGTH (RAM))
                0x00000200                        _Min_Heap_Size = 0x200
                0x00000400                        _Min_Stack_Size = 0x400

.isr_vector     0x08000000      0x1c4
                0x08000000                        . = ALIGN (0x4)
 *(.isr_vector)
 .isr_vector    0x08000000      0x1c4 ./Core/Startup/startup_stm32f446retx.o
                0x08000000                g_pfnVectors
                0x080001c4                        . = ALIGN (0x4)

.text           0x080001d0     0xd978
                0x080001d0                        . = ALIGN (0x4)
 *(.text)
 .text          0x080001d0       0x40 C:/Users/berat/.eclipse/com.st.stm32cube.ide.mcu.rcp.product_1.15.0_1209370567_win32_win32_x86_64/plugins/com.st.stm32cube.ide.mcu.externaltools.gnu-tools-for-stm32.12.3.rel1.win32_1.0.200.202406191623/tools/bin/../lib/gcc/arm-none-eabi/12.3.1/thumb/v7e-m+fp/hard/crtbegin.o
 .text          0x08000210       0xa0 C:/Users/berat/.eclipse/com.st.stm32cube.ide.mcu.rcp.product_1.15.0_1209370567_win32_win32_x86_64/plugins/com.st.stm32cube.ide.mcu.externaltools.gnu-tools-for-stm32.12.3.rel1.win32_1.0.200.202406191623/tools/bin/../lib/gcc/arm-none-eabi/12.3.1/../../../../arm-none-eabi/lib/thumb/v7e-m+fp/hard\libc_nano.a(libc_a-memchr.o)
                0x08000210                memchr
 .text          0x080002b0       0xa0 C:/Users/berat/.eclipse/com.st.stm32cube.ide.mcu.rcp.product_1.15.0_1209370567_win32_win32_x86_64/plugins/com.st.stm32cube.ide.mcu.externaltools.gnu-tools-for-stm32.12.3.rel1.win32_1.0.200.202406191623/tools/bin/../lib/gcc/arm-none-eabi/12.3.1/thumb/v7e-m+fp/hard\libgcc.a(_aeabi_ldivmod.o)
                0x080002b0                __aeabi_ldivmod
 .text          0x08000350       0x30 C:/Users/berat/.eclipse/com.st.stm32cube.ide.mcu.rcp.product_1.15.0_1209370567_win32_win32_x86_64/plugins/com.st.stm32cube.ide.mcu.externaltools.gnu-tools-for-stm32.12.3.rel1.win32_1.0.200.202406191623/tools/bin/../lib/gcc/arm-none-eabi/12.3.1/thumb/v7e-m+fp/hard\libgcc.a(_aeabi_uldivmod.o)
                0x08000350                __aeabi_uldivmod
 .text          0x08000380      0x2bc C:/Users/berat/.eclipse/com.st.stm32cube.ide.mcu.rcp.product_1.15.0_1209370567_win32_win32_x86_64/plugins/com.st.stm32cube.ide.mcu.externaltools.gnu-tools-for-stm32.12.3.rel1.win32_1.0.200.202406191623/tools/bin/../lib/gcc/arm-none-eabi/12.3.1/thumb/v7e-m+fp/hard\libgcc.a(_udivmoddi4.o)
                0x08000380                __udivmoddi4
 .text          0x0800063c        0x4 C:/Users/berat/.eclipse/com.st.stm32cube.ide.mcu.rcp.product_1.15.0_1209370567_win32_win32_x86_64/plugins/com.st.stm32cube.ide.mcu.externaltools.gnu-tools-for-stm32.12.3.rel1.win32_1.0.200.202406191623/tools/bin/../lib/gcc/arm-none-eabi/12.3.1/thumb/v7e-m+fp/hard\libgcc.a(_dvmd_tls.o)
                0x0800063c                __aeabi_idiv0
                0x0800063c                __aeabi_ldiv0
 *(.text*)
 .text.MS5611_Rest
                0x08000640       0x2e ./Core/Src/MS5611.o
                0x08000640                MS5611_Rest
 *fill*         0x0800066e        0x2 
 .text.MS5611_PROM_read
                0x08000670      0x138 ./Core/Src/MS5611.o
                0x08000670                MS5611_PROM_read
 .text.MS5611_init
                0x080007a8       0x28 ./Core/Src/MS5611.o
                0x080007a8                MS5611_init
 .text.MS5611_read_temp
                0x080007d0      0x114 ./Core/Src/MS5611.o
                0x080007d0                MS5611_read_temp
 .text.MS5611_read_press
                0x080008e4      0x114 ./Core/Src/MS5611.o
                0x080008e4                MS5611_read_press
 .text.MS5611_calculate
                0x080009f8      0x6bc ./Core/Src/MS5611.o
                0x080009f8                MS5611_calculate
 .text.MX_DMA_Init
                0x080010b4       0x50 ./Core/Src/dma.o
                0x080010b4                MX_DMA_Init
 .text.MX_FMPI2C1_Init
                0x08001104       0x6c ./Core/Src/fmpi2c.o
                0x08001104                MX_FMPI2C1_Init
 .text.HAL_FMPI2C_MspInit
                0x08001170       0xb8 ./Core/Src/fmpi2c.o
                0x08001170                HAL_FMPI2C_MspInit
 .text.MX_GPIO_Init
                0x08001228      0x20c ./Core/Src/gpio.o
                0x08001228                MX_GPIO_Init
 .text.MX_I2C1_Init
                0x08001434       0x5c ./Core/Src/i2c.o
                0x08001434                MX_I2C1_Init
 .text.MX_I2C2_Init
                0x08001490       0x5c ./Core/Src/i2c.o
                0x08001490                MX_I2C2_Init
 .text.MX_I2C3_Init
                0x080014ec       0x5c ./Core/Src/i2c.o
                0x080014ec                MX_I2C3_Init
 .text.HAL_I2C_MspInit
                0x08001548      0x1e8 ./Core/Src/i2c.o
                0x08001548                HAL_I2C_MspInit
 .text.USB_VCP_ProcessData
                0x08001730       0x7c ./Core/Src/main.o
                0x08001730                USB_VCP_ProcessData
 .text.main     0x080017ac       0x64 ./Core/Src/main.o
                0x080017ac                main
 .text.SystemClock_Config
                0x08001810       0xd8 ./Core/Src/main.o
                0x08001810                SystemClock_Config
 .text.Error_Handler
                0x080018e8        0xc ./Core/Src/main.o
                0x080018e8                Error_Handler
 .text.MX_SDIO_SD_Init
                0x080018f4       0x40 ./Core/Src/sdio.o
                0x080018f4                MX_SDIO_SD_Init
 .text.HAL_SD_MspInit
                0x08001934      0x280 ./Core/Src/sdio.o
                0x08001934                HAL_SD_MspInit
 .text.MX_SPI1_Init
                0x08001bb4       0x6c ./Core/Src/spi.o
                0x08001bb4                MX_SPI1_Init
 .text.HAL_SPI_MspInit
                0x08001c20       0x90 ./Core/Src/spi.o
                0x08001c20                HAL_SPI_MspInit
 .text.HAL_MspInit
                0x08001cb0       0x50 ./Core/Src/stm32f4xx_hal_msp.o
                0x08001cb0                HAL_MspInit
 .text.NMI_Handler
                0x08001d00        0x8 ./Core/Src/stm32f4xx_it.o
                0x08001d00                NMI_Handler
 .text.HardFault_Handler
                0x08001d08        0x8 ./Core/Src/stm32f4xx_it.o
                0x08001d08                HardFault_Handler
 .text.MemManage_Handler
                0x08001d10        0x8 ./Core/Src/stm32f4xx_it.o
                0x08001d10                MemManage_Handler
 .text.BusFault_Handler
                0x08001d18        0x8 ./Core/Src/stm32f4xx_it.o
                0x08001d18                BusFault_Handler
 .text.UsageFault_Handler
                0x08001d20        0x8 ./Core/Src/stm32f4xx_it.o
                0x08001d20                UsageFault_Handler
 .text.SVC_Handler
                0x08001d28        0xe ./Core/Src/stm32f4xx_it.o
                0x08001d28                SVC_Handler
 .text.DebugMon_Handler
                0x08001d36        0xe ./Core/Src/stm32f4xx_it.o
                0x08001d36                DebugMon_Handler
 .text.PendSV_Handler
                0x08001d44        0xe ./Core/Src/stm32f4xx_it.o
                0x08001d44                PendSV_Handler
 .text.SysTick_Handler
                0x08001d52        0xc ./Core/Src/stm32f4xx_it.o
                0x08001d52                SysTick_Handler
 .text.EXTI4_IRQHandler
                0x08001d5e        0xe ./Core/Src/stm32f4xx_it.o
                0x08001d5e                EXTI4_IRQHandler
 .text.EXTI9_5_IRQHandler
                0x08001d6c        0xe ./Core/Src/stm32f4xx_it.o
                0x08001d6c                EXTI9_5_IRQHandler
 *fill*         0x08001d7a        0x2 
 .text.SDIO_IRQHandler
                0x08001d7c       0x14 ./Core/Src/stm32f4xx_it.o
                0x08001d7c                SDIO_IRQHandler
 .text.DMA2_Stream3_IRQHandler
                0x08001d90       0x14 ./Core/Src/stm32f4xx_it.o
                0x08001d90                DMA2_Stream3_IRQHandler
 .text.OTG_FS_IRQHandler
                0x08001da4       0x14 ./Core/Src/stm32f4xx_it.o
                0x08001da4                OTG_FS_IRQHandler
 .text.DMA2_Stream6_IRQHandler
                0x08001db8       0x14 ./Core/Src/stm32f4xx_it.o
                0x08001db8                DMA2_Stream6_IRQHandler
 .text._sbrk    0x08001dcc       0x6c ./Core/Src/sysmem.o
                0x08001dcc                _sbrk
 .text.SystemInit
                0x08001e38       0x24 ./Core/Src/system_stm32f4xx.o
                0x08001e38                SystemInit
 .text.MX_UART4_Init
                0x08001e5c       0x54 ./Core/Src/usart.o
                0x08001e5c                MX_UART4_Init
 .text.MX_USART1_UART_Init
                0x08001eb0       0x54 ./Core/Src/usart.o
                0x08001eb0                MX_USART1_UART_Init
 .text.HAL_UART_MspInit
                0x08001f04       0xf8 ./Core/Src/usart.o
                0x08001f04                HAL_UART_MspInit
 .text.Reset_Handler
                0x08001ffc       0x50 ./Core/Startup/startup_stm32f446retx.o
                0x08001ffc                Reset_Handler
 .text.Default_Handler
                0x0800204c        0x2 ./Core/Startup/startup_stm32f446retx.o
                0x0800204c                RTC_Alarm_IRQHandler
                0x0800204c                EXTI2_IRQHandler
                0x0800204c                TIM8_CC_IRQHandler
                0x0800204c                FMPI2C1_EV_IRQHandler
                0x0800204c                SPI4_IRQHandler
                0x0800204c                TIM1_CC_IRQHandler
                0x0800204c                DMA2_Stream5_IRQHandler
                0x0800204c                DMA1_Stream5_IRQHandler
                0x0800204c                PVD_IRQHandler
                0x0800204c                TAMP_STAMP_IRQHandler
                0x0800204c                CAN2_RX1_IRQHandler
                0x0800204c                EXTI3_IRQHandler
                0x0800204c                TIM8_TRG_COM_TIM14_IRQHandler
                0x0800204c                TIM1_UP_TIM10_IRQHandler
                0x0800204c                TIM8_UP_TIM13_IRQHandler
                0x0800204c                I2C3_ER_IRQHandler
                0x0800204c                EXTI0_IRQHandler
                0x0800204c                I2C2_EV_IRQHandler
                0x0800204c                DMA1_Stream2_IRQHandler
                0x0800204c                CAN1_RX0_IRQHandler
                0x0800204c                FPU_IRQHandler
                0x0800204c                OTG_HS_WKUP_IRQHandler
                0x0800204c                CAN2_SCE_IRQHandler
                0x0800204c                DMA2_Stream2_IRQHandler
                0x0800204c                SPI1_IRQHandler
                0x0800204c                TIM6_DAC_IRQHandler
                0x0800204c                TIM1_BRK_TIM9_IRQHandler
                0x0800204c                DCMI_IRQHandler
                0x0800204c                CAN2_RX0_IRQHandler
                0x0800204c                SAI2_IRQHandler
                0x0800204c                USART6_IRQHandler
                0x0800204c                USART3_IRQHandler
                0x0800204c                CAN1_RX1_IRQHandler
                0x0800204c                UART5_IRQHandler
                0x0800204c                DMA2_Stream0_IRQHandler
                0x0800204c                TIM4_IRQHandler
                0x0800204c                QUADSPI_IRQHandler
                0x0800204c                I2C1_EV_IRQHandler
                0x0800204c                DMA1_Stream6_IRQHandler
                0x0800204c                DMA1_Stream1_IRQHandler
                0x0800204c                UART4_IRQHandler
                0x0800204c                TIM3_IRQHandler
                0x0800204c                RCC_IRQHandler
                0x0800204c                TIM8_BRK_TIM12_IRQHandler
                0x0800204c                Default_Handler
                0x0800204c                CEC_IRQHandler
                0x0800204c                EXTI15_10_IRQHandler
                0x0800204c                ADC_IRQHandler
                0x0800204c                DMA1_Stream7_IRQHandler
                0x0800204c                TIM7_IRQHandler
                0x0800204c                CAN2_TX_IRQHandler
                0x0800204c                TIM5_IRQHandler
                0x0800204c                DMA2_Stream7_IRQHandler
                0x0800204c                I2C3_EV_IRQHandler
                0x0800204c                RTC_WKUP_IRQHandler
                0x0800204c                SPDIF_RX_IRQHandler
                0x0800204c                SPI2_IRQHandler
                0x0800204c                OTG_HS_EP1_IN_IRQHandler
                0x0800204c                DMA1_Stream0_IRQHandler
                0x0800204c                CAN1_TX_IRQHandler
                0x0800204c                FMPI2C1_ER_IRQHandler
                0x0800204c                OTG_HS_EP1_OUT_IRQHandler
                0x0800204c                WWDG_IRQHandler
                0x0800204c                TIM2_IRQHandler
                0x0800204c                OTG_FS_WKUP_IRQHandler
                0x0800204c                TIM1_TRG_COM_TIM11_IRQHandler
                0x0800204c                OTG_HS_IRQHandler
                0x0800204c                EXTI1_IRQHandler
                0x0800204c                USART2_IRQHandler
                0x0800204c                I2C2_ER_IRQHandler
                0x0800204c                DMA2_Stream1_IRQHandler
                0x0800204c                CAN1_SCE_IRQHandler
                0x0800204c                FLASH_IRQHandler
                0x0800204c                DMA2_Stream4_IRQHandler
                0x0800204c                USART1_IRQHandler
                0x0800204c                SPI3_IRQHandler
                0x0800204c                DMA1_Stream4_IRQHandler
                0x0800204c                I2C1_ER_IRQHandler
                0x0800204c                FMC_IRQHandler
                0x0800204c                SAI1_IRQHandler
                0x0800204c                DMA1_Stream3_IRQHandler
 *fill*         0x0800204e        0x2 
 .text.HAL_Init
                0x08002050       0x44 ./Drivers/STM32F4xx_HAL_Driver/Src/stm32f4xx_hal.o
                0x08002050                HAL_Init
 .text.HAL_InitTick
                0x08002094       0x60 ./Drivers/STM32F4xx_HAL_Driver/Src/stm32f4xx_hal.o
                0x08002094                HAL_InitTick
 .text.HAL_IncTick
                0x080020f4       0x28 ./Drivers/STM32F4xx_HAL_Driver/Src/stm32f4xx_hal.o
                0x080020f4                HAL_IncTick
 .text.HAL_GetTick
                0x0800211c       0x18 ./Drivers/STM32F4xx_HAL_Driver/Src/stm32f4xx_hal.o
                0x0800211c                HAL_GetTick
 .text.HAL_Delay
                0x08002134       0x48 ./Drivers/STM32F4xx_HAL_Driver/Src/stm32f4xx_hal.o
                0x08002134                HAL_Delay
 .text.__NVIC_SetPriorityGrouping
                0x0800217c       0x48 ./Drivers/STM32F4xx_HAL_Driver/Src/stm32f4xx_hal_cortex.o
 .text.__NVIC_GetPriorityGrouping
                0x080021c4       0x1c ./Drivers/STM32F4xx_HAL_Driver/Src/stm32f4xx_hal_cortex.o
 .text.__NVIC_EnableIRQ
                0x080021e0       0x3c ./Drivers/STM32F4xx_HAL_Driver/Src/stm32f4xx_hal_cortex.o
 .text.__NVIC_SetPriority
                0x0800221c       0x54 ./Drivers/STM32F4xx_HAL_Driver/Src/stm32f4xx_hal_cortex.o
 .text.NVIC_EncodePriority
                0x08002270       0x66 ./Drivers/STM32F4xx_HAL_Driver/Src/stm32f4xx_hal_cortex.o
 *fill*         0x080022d6        0x2 
 .text.SysTick_Config
                0x080022d8       0x44 ./Drivers/STM32F4xx_HAL_Driver/Src/stm32f4xx_hal_cortex.o
 .text.HAL_NVIC_SetPriorityGrouping
                0x0800231c       0x16 ./Drivers/STM32F4xx_HAL_Driver/Src/stm32f4xx_hal_cortex.o
                0x0800231c                HAL_NVIC_SetPriorityGrouping
 .text.HAL_NVIC_SetPriority
                0x08002332       0x38 ./Drivers/STM32F4xx_HAL_Driver/Src/stm32f4xx_hal_cortex.o
                0x08002332                HAL_NVIC_SetPriority
 .text.HAL_NVIC_EnableIRQ
                0x0800236a       0x1c ./Drivers/STM32F4xx_HAL_Driver/Src/stm32f4xx_hal_cortex.o
                0x0800236a                HAL_NVIC_EnableIRQ
 .text.HAL_SYSTICK_Config
                0x08002386       0x18 ./Drivers/STM32F4xx_HAL_Driver/Src/stm32f4xx_hal_cortex.o
                0x08002386                HAL_SYSTICK_Config
 *fill*         0x0800239e        0x2 
 .text.HAL_DMA_Init
                0x080023a0      0x15c ./Drivers/STM32F4xx_HAL_Driver/Src/stm32f4xx_hal_dma.o
                0x080023a0                HAL_DMA_Init
 .text.HAL_DMA_Start_IT
                0x080024fc       0xb0 ./Drivers/STM32F4xx_HAL_Driver/Src/stm32f4xx_hal_dma.o
                0x080024fc                HAL_DMA_Start_IT
 .text.HAL_DMA_Abort_IT
                0x080025ac       0x44 ./Drivers/STM32F4xx_HAL_Driver/Src/stm32f4xx_hal_dma.o
                0x080025ac                HAL_DMA_Abort_IT
 .text.HAL_DMA_IRQHandler
                0x080025f0      0x314 ./Drivers/STM32F4xx_HAL_Driver/Src/stm32f4xx_hal_dma.o
                0x080025f0                HAL_DMA_IRQHandler
 .text.HAL_DMA_GetError
                0x08002904       0x18 ./Drivers/STM32F4xx_HAL_Driver/Src/stm32f4xx_hal_dma.o
                0x08002904                HAL_DMA_GetError
 .text.DMA_SetConfig
                0x0800291c       0x5c ./Drivers/STM32F4xx_HAL_Driver/Src/stm32f4xx_hal_dma.o
 .text.DMA_CalcBaseAndBitshift
                0x08002978       0x6c ./Drivers/STM32F4xx_HAL_Driver/Src/stm32f4xx_hal_dma.o
 .text.DMA_CheckFifoParam
                0x080029e4       0xf8 ./Drivers/STM32F4xx_HAL_Driver/Src/stm32f4xx_hal_dma.o
 .text.HAL_FMPI2C_Init
                0x08002adc      0x136 ./Drivers/STM32F4xx_HAL_Driver/Src/stm32f4xx_hal_fmpi2c.o
                0x08002adc                HAL_FMPI2C_Init
 .text.HAL_FMPI2CEx_ConfigAnalogFilter
                0x08002c12       0x96 ./Drivers/STM32F4xx_HAL_Driver/Src/stm32f4xx_hal_fmpi2c_ex.o
                0x08002c12                HAL_FMPI2CEx_ConfigAnalogFilter
 .text.HAL_GPIO_Init
                0x08002ca8      0x328 ./Drivers/STM32F4xx_HAL_Driver/Src/stm32f4xx_hal_gpio.o
                0x08002ca8                HAL_GPIO_Init
 .text.HAL_GPIO_ReadPin
                0x08002fd0       0x30 ./Drivers/STM32F4xx_HAL_Driver/Src/stm32f4xx_hal_gpio.o
                0x08002fd0                HAL_GPIO_ReadPin
 .text.HAL_GPIO_WritePin
                0x08003000       0x32 ./Drivers/STM32F4xx_HAL_Driver/Src/stm32f4xx_hal_gpio.o
                0x08003000                HAL_GPIO_WritePin
 *fill*         0x08003032        0x2 
 .text.HAL_GPIO_EXTI_IRQHandler
                0x08003034       0x30 ./Drivers/STM32F4xx_HAL_Driver/Src/stm32f4xx_hal_gpio.o
                0x08003034                HAL_GPIO_EXTI_IRQHandler
 .text.HAL_GPIO_EXTI_Callback
                0x08003064       0x16 ./Drivers/STM32F4xx_HAL_Driver/Src/stm32f4xx_hal_gpio.o
                0x08003064                HAL_GPIO_EXTI_Callback
 *fill*         0x0800307a        0x2 
 .text.HAL_I2C_Init
                0x0800307c      0x288 ./Drivers/STM32F4xx_HAL_Driver/Src/stm32f4xx_hal_i2c.o
                0x0800307c                HAL_I2C_Init
 .text.HAL_I2C_Master_Transmit
                0x08003304      0x1fc ./Drivers/STM32F4xx_HAL_Driver/Src/stm32f4xx_hal_i2c.o
                0x08003304                HAL_I2C_Master_Transmit
 .text.HAL_I2C_Master_Receive
                0x08003500      0x464 ./Drivers/STM32F4xx_HAL_Driver/Src/stm32f4xx_hal_i2c.o
                0x08003500                HAL_I2C_Master_Receive
 .text.I2C_MasterRequestWrite
                0x08003964      0x104 ./Drivers/STM32F4xx_HAL_Driver/Src/stm32f4xx_hal_i2c.o
 .text.I2C_MasterRequestRead
                0x08003a68      0x19c ./Drivers/STM32F4xx_HAL_Driver/Src/stm32f4xx_hal_i2c.o
 .text.I2C_WaitOnFlagUntilTimeout
                0x08003c04       0xf4 ./Drivers/STM32F4xx_HAL_Driver/Src/stm32f4xx_hal_i2c.o
 .text.I2C_WaitOnMasterAddressFlagUntilTimeout
                0x08003cf8      0x140 ./Drivers/STM32F4xx_HAL_Driver/Src/stm32f4xx_hal_i2c.o
 .text.I2C_WaitOnTXEFlagUntilTimeout
                0x08003e38       0x90 ./Drivers/STM32F4xx_HAL_Driver/Src/stm32f4xx_hal_i2c.o
 .text.I2C_WaitOnBTFFlagUntilTimeout
                0x08003ec8       0x90 ./Drivers/STM32F4xx_HAL_Driver/Src/stm32f4xx_hal_i2c.o
 .text.I2C_WaitOnRXNEFlagUntilTimeout
                0x08003f58       0xba ./Drivers/STM32F4xx_HAL_Driver/Src/stm32f4xx_hal_i2c.o
 .text.I2C_IsAcknowledgeFailed
                0x08004012       0x5e ./Drivers/STM32F4xx_HAL_Driver/Src/stm32f4xx_hal_i2c.o
 .text.HAL_PCD_Init
                0x08004070      0x22c ./Drivers/STM32F4xx_HAL_Driver/Src/stm32f4xx_hal_pcd.o
                0x08004070                HAL_PCD_Init
 .text.HAL_PCD_Start
                0x0800429c       0x6a ./Drivers/STM32F4xx_HAL_Driver/Src/stm32f4xx_hal_pcd.o
                0x0800429c                HAL_PCD_Start
 .text.HAL_PCD_IRQHandler
                0x08004306      0x99c ./Drivers/STM32F4xx_HAL_Driver/Src/stm32f4xx_hal_pcd.o
                0x08004306                HAL_PCD_IRQHandler
 .text.HAL_PCD_SetAddress
                0x08004ca2       0x48 ./Drivers/STM32F4xx_HAL_Driver/Src/stm32f4xx_hal_pcd.o
                0x08004ca2                HAL_PCD_SetAddress
 .text.HAL_PCD_EP_Open
                0x08004cea       0xd0 ./Drivers/STM32F4xx_HAL_Driver/Src/stm32f4xx_hal_pcd.o
                0x08004cea                HAL_PCD_EP_Open
 .text.HAL_PCD_EP_Close
                0x08004dba       0x94 ./Drivers/STM32F4xx_HAL_Driver/Src/stm32f4xx_hal_pcd.o
                0x08004dba                HAL_PCD_EP_Close
 .text.HAL_PCD_EP_Receive
                0x08004e4e       0x76 ./Drivers/STM32F4xx_HAL_Driver/Src/stm32f4xx_hal_pcd.o
                0x08004e4e                HAL_PCD_EP_Receive
 .text.HAL_PCD_EP_GetRxCount
                0x08004ec4       0x30 ./Drivers/STM32F4xx_HAL_Driver/Src/stm32f4xx_hal_pcd.o
                0x08004ec4                HAL_PCD_EP_GetRxCount
 .text.HAL_PCD_EP_Transmit
                0x08004ef4       0x74 ./Drivers/STM32F4xx_HAL_Driver/Src/stm32f4xx_hal_pcd.o
                0x08004ef4                HAL_PCD_EP_Transmit
 .text.HAL_PCD_EP_SetStall
                0x08004f68       0xc6 ./Drivers/STM32F4xx_HAL_Driver/Src/stm32f4xx_hal_pcd.o
                0x08004f68                HAL_PCD_EP_SetStall
 .text.HAL_PCD_EP_ClrStall
                0x0800502e       0xac ./Drivers/STM32F4xx_HAL_Driver/Src/stm32f4xx_hal_pcd.o
                0x0800502e                HAL_PCD_EP_ClrStall
 .text.HAL_PCD_EP_Abort
                0x080050da       0x62 ./Drivers/STM32F4xx_HAL_Driver/Src/stm32f4xx_hal_pcd.o
                0x080050da                HAL_PCD_EP_Abort
 .text.PCD_WriteEmptyTxFifo
                0x0800513c      0x118 ./Drivers/STM32F4xx_HAL_Driver/Src/stm32f4xx_hal_pcd.o
 .text.PCD_EP_OutXfrComplete_int
                0x08005254      0x1d0 ./Drivers/STM32F4xx_HAL_Driver/Src/stm32f4xx_hal_pcd.o
 .text.PCD_EP_OutSetupPacket_int
                0x08005424       0x8c ./Drivers/STM32F4xx_HAL_Driver/Src/stm32f4xx_hal_pcd.o
 .text.HAL_PCDEx_SetTxFiFo
                0x080054b0       0x8e ./Drivers/STM32F4xx_HAL_Driver/Src/stm32f4xx_hal_pcd_ex.o
                0x080054b0                HAL_PCDEx_SetTxFiFo
 .text.HAL_PCDEx_SetRxFiFo
                0x0800553e       0x22 ./Drivers/STM32F4xx_HAL_Driver/Src/stm32f4xx_hal_pcd_ex.o
                0x0800553e                HAL_PCDEx_SetRxFiFo
 .text.HAL_PCDEx_ActivateLPM
                0x08005560       0x48 ./Drivers/STM32F4xx_HAL_Driver/Src/stm32f4xx_hal_pcd_ex.o
                0x08005560                HAL_PCDEx_ActivateLPM
 .text.HAL_RCC_ClockConfig
                0x080055a8      0x1cc ./Drivers/STM32F4xx_HAL_Driver/Src/stm32f4xx_hal_rcc.o
                0x080055a8                HAL_RCC_ClockConfig
 .text.HAL_RCC_GetHCLKFreq
                0x08005774       0x18 ./Drivers/STM32F4xx_HAL_Driver/Src/stm32f4xx_hal_rcc.o
                0x08005774                HAL_RCC_GetHCLKFreq
 .text.HAL_RCC_GetPCLK1Freq
                0x0800578c       0x28 ./Drivers/STM32F4xx_HAL_Driver/Src/stm32f4xx_hal_rcc.o
                0x0800578c                HAL_RCC_GetPCLK1Freq
 .text.HAL_RCC_GetPCLK2Freq
                0x080057b4       0x28 ./Drivers/STM32F4xx_HAL_Driver/Src/stm32f4xx_hal_rcc.o
                0x080057b4                HAL_RCC_GetPCLK2Freq
 .text.HAL_RCCEx_PeriphCLKConfig
                0x080057dc      0x654 ./Drivers/STM32F4xx_HAL_Driver/Src/stm32f4xx_hal_rcc_ex.o
                0x080057dc                HAL_RCCEx_PeriphCLKConfig
 .text.HAL_RCC_GetSysClockFreq
                0x08005e30      0x460 ./Drivers/STM32F4xx_HAL_Driver/Src/stm32f4xx_hal_rcc_ex.o
                0x08005e30                HAL_RCC_GetSysClockFreq
 .text.HAL_RCC_OscConfig
                0x08006290      0x53c ./Drivers/STM32F4xx_HAL_Driver/Src/stm32f4xx_hal_rcc_ex.o
                0x08006290                HAL_RCC_OscConfig
 .text.HAL_SD_Init
                0x080067cc       0x60 ./Drivers/STM32F4xx_HAL_Driver/Src/stm32f4xx_hal_sd.o
                0x080067cc                HAL_SD_Init
 .text.HAL_SD_InitCard
                0x0800682c      0x100 ./Drivers/STM32F4xx_HAL_Driver/Src/stm32f4xx_hal_sd.o
                0x0800682c                HAL_SD_InitCard
 .text.HAL_SD_ReadBlocks_DMA
                0x0800692c      0x1c0 ./Drivers/STM32F4xx_HAL_Driver/Src/stm32f4xx_hal_sd.o
                0x0800692c                HAL_SD_ReadBlocks_DMA
 .text.HAL_SD_WriteBlocks_DMA
                0x08006aec      0x1c4 ./Drivers/STM32F4xx_HAL_Driver/Src/stm32f4xx_hal_sd.o
                0x08006aec                HAL_SD_WriteBlocks_DMA
 .text.HAL_SD_IRQHandler
                0x08006cb0      0x2ec ./Drivers/STM32F4xx_HAL_Driver/Src/stm32f4xx_hal_sd.o
                0x08006cb0                HAL_SD_IRQHandler
 .text.HAL_SD_ErrorCallback
                0x08006f9c       0x14 ./Drivers/STM32F4xx_HAL_Driver/Src/stm32f4xx_hal_sd.o
                0x08006f9c                HAL_SD_ErrorCallback
 .text.HAL_SD_GetCardCSD
                0x08006fb0      0x348 ./Drivers/STM32F4xx_HAL_Driver/Src/stm32f4xx_hal_sd.o
                0x08006fb0                HAL_SD_GetCardCSD
 .text.HAL_SD_GetCardInfo
                0x080072f8       0x58 ./Drivers/STM32F4xx_HAL_Driver/Src/stm32f4xx_hal_sd.o
                0x080072f8                HAL_SD_GetCardInfo
 .text.HAL_SD_GetCardState
                0x08007350       0x40 ./Drivers/STM32F4xx_HAL_Driver/Src/stm32f4xx_hal_sd.o
                0x08007350                HAL_SD_GetCardState
 .text.SD_DMATransmitCplt
                0x08007390       0x2a ./Drivers/STM32F4xx_HAL_Driver/Src/stm32f4xx_hal_sd.o
 .text.SD_DMAReceiveCplt
                0x080073ba       0x70 ./Drivers/STM32F4xx_HAL_Driver/Src/stm32f4xx_hal_sd.o
 *fill*         0x0800742a        0x2 
 .text.SD_DMAError
                0x0800742c       0xa4 ./Drivers/STM32F4xx_HAL_Driver/Src/stm32f4xx_hal_sd.o
 .text.SD_DMATxAbort
                0x080074d0       0x6e ./Drivers/STM32F4xx_HAL_Driver/Src/stm32f4xx_hal_sd.o
 .text.SD_DMARxAbort
                0x0800753e       0x6e ./Drivers/STM32F4xx_HAL_Driver/Src/stm32f4xx_hal_sd.o
 .text.SD_InitCard
                0x080075ac      0x19c ./Drivers/STM32F4xx_HAL_Driver/Src/stm32f4xx_hal_sd.o
 .text.SD_PowerON
                0x08007748      0x11c ./Drivers/STM32F4xx_HAL_Driver/Src/stm32f4xx_hal_sd.o
 .text.SD_SendStatus
                0x08007864       0x50 ./Drivers/STM32F4xx_HAL_Driver/Src/stm32f4xx_hal_sd.o
 .text.SD_Read_IT
                0x080078b4       0xa2 ./Drivers/STM32F4xx_HAL_Driver/Src/stm32f4xx_hal_sd.o
 .text.SD_Write_IT
                0x08007956       0xaa ./Drivers/STM32F4xx_HAL_Driver/Src/stm32f4xx_hal_sd.o
 .text.HAL_SPI_Init
                0x08007a00      0x112 ./Drivers/STM32F4xx_HAL_Driver/Src/stm32f4xx_hal_spi.o
                0x08007a00                HAL_SPI_Init
 .text.HAL_UART_Init
                0x08007b12       0xa0 ./Drivers/STM32F4xx_HAL_Driver/Src/stm32f4xx_hal_uart.o
                0x08007b12                HAL_UART_Init
 *fill*         0x08007bb2        0x2 
 .text.UART_SetConfig
                0x08007bb4      0x4e8 ./Drivers/STM32F4xx_HAL_Driver/Src/stm32f4xx_hal_uart.o
 .text.SDIO_Init
                0x0800809c       0x56 ./Drivers/STM32F4xx_HAL_Driver/Src/stm32f4xx_ll_sdmmc.o
                0x0800809c                SDIO_Init
 .text.SDIO_ReadFIFO
                0x080080f2       0x1a ./Drivers/STM32F4xx_HAL_Driver/Src/stm32f4xx_ll_sdmmc.o
                0x080080f2                SDIO_ReadFIFO
 .text.SDIO_WriteFIFO
                0x0800810c       0x22 ./Drivers/STM32F4xx_HAL_Driver/Src/stm32f4xx_ll_sdmmc.o
                0x0800810c                SDIO_WriteFIFO
 .text.SDIO_PowerState_ON
                0x0800812e       0x1c ./Drivers/STM32F4xx_HAL_Driver/Src/stm32f4xx_ll_sdmmc.o
                0x0800812e                SDIO_PowerState_ON
 .text.SDIO_GetPowerState
                0x0800814a       0x1c ./Drivers/STM32F4xx_HAL_Driver/Src/stm32f4xx_ll_sdmmc.o
                0x0800814a                SDIO_GetPowerState
 .text.SDIO_SendCommand
                0x08008166       0x54 ./Drivers/STM32F4xx_HAL_Driver/Src/stm32f4xx_ll_sdmmc.o
                0x08008166                SDIO_SendCommand
 .text.SDIO_GetCommandResponse
                0x080081ba       0x1a ./Drivers/STM32F4xx_HAL_Driver/Src/stm32f4xx_ll_sdmmc.o
                0x080081ba                SDIO_GetCommandResponse
 .text.SDIO_GetResponse
                0x080081d4       0x26 ./Drivers/STM32F4xx_HAL_Driver/Src/stm32f4xx_ll_sdmmc.o
                0x080081d4                SDIO_GetResponse
 .text.SDIO_ConfigData
                0x080081fa       0x58 ./Drivers/STM32F4xx_HAL_Driver/Src/stm32f4xx_ll_sdmmc.o
                0x080081fa                SDIO_ConfigData
 .text.SDMMC_CmdBlockLength
                0x08008252       0x44 ./Drivers/STM32F4xx_HAL_Driver/Src/stm32f4xx_ll_sdmmc.o
                0x08008252                SDMMC_CmdBlockLength
 .text.SDMMC_CmdReadSingleBlock
                0x08008296       0x44 ./Drivers/STM32F4xx_HAL_Driver/Src/stm32f4xx_ll_sdmmc.o
                0x08008296                SDMMC_CmdReadSingleBlock
 .text.SDMMC_CmdReadMultiBlock
                0x080082da       0x44 ./Drivers/STM32F4xx_HAL_Driver/Src/stm32f4xx_ll_sdmmc.o
                0x080082da                SDMMC_CmdReadMultiBlock
 .text.SDMMC_CmdWriteSingleBlock
                0x0800831e       0x44 ./Drivers/STM32F4xx_HAL_Driver/Src/stm32f4xx_ll_sdmmc.o
                0x0800831e                SDMMC_CmdWriteSingleBlock
 .text.SDMMC_CmdWriteMultiBlock
                0x08008362       0x44 ./Drivers/STM32F4xx_HAL_Driver/Src/stm32f4xx_ll_sdmmc.o
                0x08008362                SDMMC_CmdWriteMultiBlock
 *fill*         0x080083a6        0x2 
 .text.SDMMC_CmdStopTransfer
                0x080083a8       0x44 ./Drivers/STM32F4xx_HAL_Driver/Src/stm32f4xx_ll_sdmmc.o
                0x080083a8                SDMMC_CmdStopTransfer
 .text.SDMMC_CmdSelDesel
                0x080083ec       0x46 ./Drivers/STM32F4xx_HAL_Driver/Src/stm32f4xx_ll_sdmmc.o
                0x080083ec                SDMMC_CmdSelDesel
 .text.SDMMC_CmdGoIdleState
                0x08008432       0x3c ./Drivers/STM32F4xx_HAL_Driver/Src/stm32f4xx_ll_sdmmc.o
                0x08008432                SDMMC_CmdGoIdleState
 .text.SDMMC_CmdOperCond
                0x0800846e       0x3e ./Drivers/STM32F4xx_HAL_Driver/Src/stm32f4xx_ll_sdmmc.o
                0x0800846e                SDMMC_CmdOperCond
 .text.SDMMC_CmdAppCommand
                0x080084ac       0x44 ./Drivers/STM32F4xx_HAL_Driver/Src/stm32f4xx_ll_sdmmc.o
                0x080084ac                SDMMC_CmdAppCommand
 .text.SDMMC_CmdAppOperCommand
                0x080084f0       0x46 ./Drivers/STM32F4xx_HAL_Driver/Src/stm32f4xx_ll_sdmmc.o
                0x080084f0                SDMMC_CmdAppOperCommand
 .text.SDMMC_CmdSendCID
                0x08008536       0x3c ./Drivers/STM32F4xx_HAL_Driver/Src/stm32f4xx_ll_sdmmc.o
                0x08008536                SDMMC_CmdSendCID
 .text.SDMMC_CmdSendCSD
                0x08008572       0x3e ./Drivers/STM32F4xx_HAL_Driver/Src/stm32f4xx_ll_sdmmc.o
                0x08008572                SDMMC_CmdSendCSD
 .text.SDMMC_CmdSetRelAdd
                0x080085b0       0x42 ./Drivers/STM32F4xx_HAL_Driver/Src/stm32f4xx_ll_sdmmc.o
                0x080085b0                SDMMC_CmdSetRelAdd
 .text.SDMMC_CmdSendStatus
                0x080085f2       0x44 ./Drivers/STM32F4xx_HAL_Driver/Src/stm32f4xx_ll_sdmmc.o
                0x080085f2                SDMMC_CmdSendStatus
 *fill*         0x08008636        0x2 
 .text.SDMMC_GetCmdResp1
                0x08008638      0x1dc ./Drivers/STM32F4xx_HAL_Driver/Src/stm32f4xx_ll_sdmmc.o
                0x08008638                SDMMC_GetCmdResp1
 .text.SDMMC_GetCmdResp2
                0x08008814       0x90 ./Drivers/STM32F4xx_HAL_Driver/Src/stm32f4xx_ll_sdmmc.o
                0x08008814                SDMMC_GetCmdResp2
 .text.SDMMC_GetCmdResp3
                0x080088a4       0x7c ./Drivers/STM32F4xx_HAL_Driver/Src/stm32f4xx_ll_sdmmc.o
                0x080088a4                SDMMC_GetCmdResp3
 .text.SDMMC_GetCmdResp6
                0x08008920       0xec ./Drivers/STM32F4xx_HAL_Driver/Src/stm32f4xx_ll_sdmmc.o
                0x08008920                SDMMC_GetCmdResp6
 .text.SDMMC_GetCmdResp7
                0x08008a0c       0x9c ./Drivers/STM32F4xx_HAL_Driver/Src/stm32f4xx_ll_sdmmc.o
                0x08008a0c                SDMMC_GetCmdResp7
 .text.SDMMC_GetCmdError
                0x08008aa8       0x58 ./Drivers/STM32F4xx_HAL_Driver/Src/stm32f4xx_ll_sdmmc.o
 .text.USB_CoreInit
                0x08008b00       0xc8 ./Drivers/STM32F4xx_HAL_Driver/Src/stm32f4xx_ll_usb.o
                0x08008b00                USB_CoreInit
 .text.USB_SetTurnaroundTime
                0x08008bc8      0x144 ./Drivers/STM32F4xx_HAL_Driver/Src/stm32f4xx_ll_usb.o
                0x08008bc8                USB_SetTurnaroundTime
 .text.USB_EnableGlobalInt
                0x08008d0c       0x22 ./Drivers/STM32F4xx_HAL_Driver/Src/stm32f4xx_ll_usb.o
                0x08008d0c                USB_EnableGlobalInt
 .text.USB_DisableGlobalInt
                0x08008d2e       0x22 ./Drivers/STM32F4xx_HAL_Driver/Src/stm32f4xx_ll_usb.o
                0x08008d2e                USB_DisableGlobalInt
 .text.USB_SetCurrentMode
                0x08008d50       0x98 ./Drivers/STM32F4xx_HAL_Driver/Src/stm32f4xx_ll_usb.o
                0x08008d50                USB_SetCurrentMode
 .text.USB_DevInit
                0x08008de8      0x2bc ./Drivers/STM32F4xx_HAL_Driver/Src/stm32f4xx_ll_usb.o
                0x08008de8                USB_DevInit
 .text.USB_FlushTxFifo
                0x080090a4       0x64 ./Drivers/STM32F4xx_HAL_Driver/Src/stm32f4xx_ll_usb.o
                0x080090a4                USB_FlushTxFifo
 .text.USB_FlushRxFifo
                0x08009108       0x5c ./Drivers/STM32F4xx_HAL_Driver/Src/stm32f4xx_ll_usb.o
                0x08009108                USB_FlushRxFifo
 .text.USB_SetDevSpeed
                0x08009164       0x32 ./Drivers/STM32F4xx_HAL_Driver/Src/stm32f4xx_ll_usb.o
                0x08009164                USB_SetDevSpeed
 .text.USB_GetDevSpeed
                0x08009196       0x4a ./Drivers/STM32F4xx_HAL_Driver/Src/stm32f4xx_ll_usb.o
                0x08009196                USB_GetDevSpeed
 .text.USB_ActivateEndpoint
                0x080091e0      0x10e ./Drivers/STM32F4xx_HAL_Driver/Src/stm32f4xx_ll_usb.o
                0x080091e0                USB_ActivateEndpoint
 *fill*         0x080092ee        0x2 
 .text.USB_DeactivateEndpoint
                0x080092f0      0x1b8 ./Drivers/STM32F4xx_HAL_Driver/Src/stm32f4xx_ll_usb.o
                0x080092f0                USB_DeactivateEndpoint
 .text.USB_EPStartXfer
                0x080094a8      0x530 ./Drivers/STM32F4xx_HAL_Driver/Src/stm32f4xx_ll_usb.o
                0x080094a8                USB_EPStartXfer
 .text.USB_EPStopXfer
                0x080099d8      0x154 ./Drivers/STM32F4xx_HAL_Driver/Src/stm32f4xx_ll_usb.o
                0x080099d8                USB_EPStopXfer
 .text.USB_WritePacket
                0x08009b2c       0x7c ./Drivers/STM32F4xx_HAL_Driver/Src/stm32f4xx_ll_usb.o
                0x08009b2c                USB_WritePacket
 .text.USB_ReadPacket
                0x08009ba8       0xb0 ./Drivers/STM32F4xx_HAL_Driver/Src/stm32f4xx_ll_usb.o
                0x08009ba8                USB_ReadPacket
 .text.USB_EPSetStall
                0x08009c58       0xdc ./Drivers/STM32F4xx_HAL_Driver/Src/stm32f4xx_ll_usb.o
                0x08009c58                USB_EPSetStall
 .text.USB_EPClearStall
                0x08009d34       0xcc ./Drivers/STM32F4xx_HAL_Driver/Src/stm32f4xx_ll_usb.o
                0x08009d34                USB_EPClearStall
 .text.USB_SetDevAddress
                0x08009e00       0x4c ./Drivers/STM32F4xx_HAL_Driver/Src/stm32f4xx_ll_usb.o
                0x08009e00                USB_SetDevAddress
 .text.USB_DevConnect
                0x08009e4c       0x42 ./Drivers/STM32F4xx_HAL_Driver/Src/stm32f4xx_ll_usb.o
                0x08009e4c                USB_DevConnect
 .text.USB_DevDisconnect
                0x08009e8e       0x42 ./Drivers/STM32F4xx_HAL_Driver/Src/stm32f4xx_ll_usb.o
                0x08009e8e                USB_DevDisconnect
 .text.USB_ReadInterrupts
                0x08009ed0       0x26 ./Drivers/STM32F4xx_HAL_Driver/Src/stm32f4xx_ll_usb.o
                0x08009ed0                USB_ReadInterrupts
 .text.USB_ReadDevAllOutEpInterrupt
                0x08009ef6       0x34 ./Drivers/STM32F4xx_HAL_Driver/Src/stm32f4xx_ll_usb.o
                0x08009ef6                USB_ReadDevAllOutEpInterrupt
 .text.USB_ReadDevAllInEpInterrupt
                0x08009f2a       0x34 ./Drivers/STM32F4xx_HAL_Driver/Src/stm32f4xx_ll_usb.o
                0x08009f2a                USB_ReadDevAllInEpInterrupt
 .text.USB_ReadDevOutEPInterrupt
                0x08009f5e       0x3c ./Drivers/STM32F4xx_HAL_Driver/Src/stm32f4xx_ll_usb.o
                0x08009f5e                USB_ReadDevOutEPInterrupt
 .text.USB_ReadDevInEPInterrupt
                0x08009f9a       0x5c ./Drivers/STM32F4xx_HAL_Driver/Src/stm32f4xx_ll_usb.o
                0x08009f9a                USB_ReadDevInEPInterrupt
 .text.USB_GetMode
                0x08009ff6       0x1c ./Drivers/STM32F4xx_HAL_Driver/Src/stm32f4xx_ll_usb.o
                0x08009ff6                USB_GetMode
 .text.USB_ActivateSetup
                0x0800a012       0x46 ./Drivers/STM32F4xx_HAL_Driver/Src/stm32f4xx_ll_usb.o
                0x0800a012                USB_ActivateSetup
 .text.USB_EP0_OutStart
                0x0800a058       0xbc ./Drivers/STM32F4xx_HAL_Driver/Src/stm32f4xx_ll_usb.o
                0x0800a058                USB_EP0_OutStart
 .text.USB_CoreReset
                0x0800a114       0x62 ./Drivers/STM32F4xx_HAL_Driver/Src/stm32f4xx_ll_usb.o
 *fill*         0x0800a176        0x2 
 .text.MX_FATFS_Init
                0x0800a178       0x24 ./FATFS/App/fatfs.o
                0x0800a178                MX_FATFS_Init
 .text.BSP_SD_Init
                0x0800a19c       0x30 ./FATFS/Target/bsp_driver_sd.o
                0x0800a19c                BSP_SD_Init
 .text.BSP_SD_ReadBlocks_DMA
                0x0800a1cc       0x34 ./FATFS/Target/bsp_driver_sd.o
                0x0800a1cc                BSP_SD_ReadBlocks_DMA
 .text.BSP_SD_WriteBlocks_DMA
                0x0800a200       0x34 ./FATFS/Target/bsp_driver_sd.o
                0x0800a200                BSP_SD_WriteBlocks_DMA
 .text.BSP_SD_GetCardState
                0x0800a234       0x20 ./FATFS/Target/bsp_driver_sd.o
                0x0800a234                BSP_SD_GetCardState
 .text.BSP_SD_GetCardInfo
                0x0800a254       0x1c ./FATFS/Target/bsp_driver_sd.o
                0x0800a254                BSP_SD_GetCardInfo
 .text.HAL_SD_AbortCallback
                0x0800a270       0x14 ./FATFS/Target/bsp_driver_sd.o
                0x0800a270                HAL_SD_AbortCallback
 .text.HAL_SD_TxCpltCallback
                0x0800a284       0x14 ./FATFS/Target/bsp_driver_sd.o
                0x0800a284                HAL_SD_TxCpltCallback
 .text.HAL_SD_RxCpltCallback
                0x0800a298       0x14 ./FATFS/Target/bsp_driver_sd.o
                0x0800a298                HAL_SD_RxCpltCallback
 .text.BSP_SD_AbortCallback
                0x0800a2ac        0xe ./FATFS/Target/bsp_driver_sd.o
                0x0800a2ac                BSP_SD_AbortCallback
 .text.BSP_SD_IsDetected
                0x0800a2ba       0x24 ./FATFS/Target/bsp_driver_sd.o
                0x0800a2ba                BSP_SD_IsDetected
 *fill*         0x0800a2de        0x2 
 .text.BSP_PlatformIsDetected
                0x0800a2e0       0x2c ./FATFS/Target/fatfs_platform.o
                0x0800a2e0                BSP_PlatformIsDetected
 .text.SD_CheckStatusWithTimeout
                0x0800a30c       0x3a ./FATFS/Target/sd_diskio.o
 *fill*         0x0800a346        0x2 
 .text.SD_CheckStatus
                0x0800a348       0x3c ./FATFS/Target/sd_diskio.o
 .text.SD_initialize
                0x0800a384       0x38 ./FATFS/Target/sd_diskio.o
                0x0800a384                SD_initialize
 .text.SD_status
                0x0800a3bc       0x1c ./FATFS/Target/sd_diskio.o
                0x0800a3bc                SD_status
 .text.SD_read  0x0800a3d8       0xac ./FATFS/Target/sd_diskio.o
                0x0800a3d8                SD_read
 .text.SD_write
                0x0800a484       0xac ./FATFS/Target/sd_diskio.o
                0x0800a484                SD_write
 .text.SD_ioctl
                0x0800a530       0xb0 ./FATFS/Target/sd_diskio.o
                0x0800a530                SD_ioctl
 .text.BSP_SD_WriteCpltCallback
                0x0800a5e0       0x18 ./FATFS/Target/sd_diskio.o
                0x0800a5e0                BSP_SD_WriteCpltCallback
 .text.BSP_SD_ReadCpltCallback
                0x0800a5f8       0x18 ./FATFS/Target/sd_diskio.o
                0x0800a5f8                BSP_SD_ReadCpltCallback
 .text.USBD_CDC_Init
                0x0800a610      0x1f0 ./Middlewares/ST/STM32_USB_Device_Library/Class/CDC/Src/usbd_cdc.o
 .text.USBD_CDC_DeInit
                0x0800a800      0x104 ./Middlewares/ST/STM32_USB_Device_Library/Class/CDC/Src/usbd_cdc.o
 .text.USBD_CDC_Setup
                0x0800a904      0x1b8 ./Middlewares/ST/STM32_USB_Device_Library/Class/CDC/Src/usbd_cdc.o
 .text.USBD_CDC_DataIn
                0x0800aabc       0xfe ./Middlewares/ST/STM32_USB_Device_Library/Class/CDC/Src/usbd_cdc.o
 .text.USBD_CDC_DataOut
                0x0800abba       0x70 ./Middlewares/ST/STM32_USB_Device_Library/Class/CDC/Src/usbd_cdc.o
 .text.USBD_CDC_EP0_RxReady
                0x0800ac2a       0x74 ./Middlewares/ST/STM32_USB_Device_Library/Class/CDC/Src/usbd_cdc.o
 *fill*         0x0800ac9e        0x2 
 .text.USBD_CDC_GetFSCfgDesc
                0x0800aca0       0x70 ./Middlewares/ST/STM32_USB_Device_Library/Class/CDC/Src/usbd_cdc.o
 .text.USBD_CDC_GetHSCfgDesc
                0x0800ad10       0x70 ./Middlewares/ST/STM32_USB_Device_Library/Class/CDC/Src/usbd_cdc.o
 .text.USBD_CDC_GetOtherSpeedCfgDesc
                0x0800ad80       0x70 ./Middlewares/ST/STM32_USB_Device_Library/Class/CDC/Src/usbd_cdc.o
 .text.USBD_CDC_GetDeviceQualifierDescriptor
                0x0800adf0       0x20 ./Middlewares/ST/STM32_USB_Device_Library/Class/CDC/Src/usbd_cdc.o
                0x0800adf0                USBD_CDC_GetDeviceQualifierDescriptor
 .text.USBD_CDC_RegisterInterface
                0x0800ae10       0x34 ./Middlewares/ST/STM32_USB_Device_Library/Class/CDC/Src/usbd_cdc.o
                0x0800ae10                USBD_CDC_RegisterInterface
 .text.USBD_CDC_SetTxBuffer
                0x0800ae44       0x44 ./Middlewares/ST/STM32_USB_Device_Library/Class/CDC/Src/usbd_cdc.o
                0x0800ae44                USBD_CDC_SetTxBuffer
 .text.USBD_CDC_SetRxBuffer
                0x0800ae88       0x3a ./Middlewares/ST/STM32_USB_Device_Library/Class/CDC/Src/usbd_cdc.o
                0x0800ae88                USBD_CDC_SetRxBuffer
 *fill*         0x0800aec2        0x2 
 .text.USBD_CDC_TransmitPacket
                0x0800aec4       0x80 ./Middlewares/ST/STM32_USB_Device_Library/Class/CDC/Src/usbd_cdc.o
                0x0800aec4                USBD_CDC_TransmitPacket
 .text.USBD_CDC_ReceivePacket
                0x0800af44       0x6c ./Middlewares/ST/STM32_USB_Device_Library/Class/CDC/Src/usbd_cdc.o
                0x0800af44                USBD_CDC_ReceivePacket
 .text.USBD_Init
                0x0800afb0       0x60 ./Middlewares/ST/STM32_USB_Device_Library/Core/Src/usbd_core.o
                0x0800afb0                USBD_Init
 .text.USBD_RegisterClass
                0x0800b010       0x6c ./Middlewares/ST/STM32_USB_Device_Library/Core/Src/usbd_core.o
                0x0800b010                USBD_RegisterClass
 .text.USBD_Start
                0x0800b07c       0x18 ./Middlewares/ST/STM32_USB_Device_Library/Core/Src/usbd_core.o
                0x0800b07c                USBD_Start
 .text.USBD_RunTestMode
                0x0800b094       0x16 ./Middlewares/ST/STM32_USB_Device_Library/Core/Src/usbd_core.o
                0x0800b094                USBD_RunTestMode
 .text.USBD_SetClassConfig
                0x0800b0aa       0x38 ./Middlewares/ST/STM32_USB_Device_Library/Core/Src/usbd_core.o
                0x0800b0aa                USBD_SetClassConfig
 .text.USBD_ClrClassConfig
                0x0800b0e2       0x34 ./Middlewares/ST/STM32_USB_Device_Library/Core/Src/usbd_core.o
                0x0800b0e2                USBD_ClrClassConfig
 .text.USBD_LL_SetupStage
                0x0800b116       0xaa ./Middlewares/ST/STM32_USB_Device_Library/Core/Src/usbd_core.o
                0x0800b116                USBD_LL_SetupStage
 .text.USBD_LL_DataOutStage
                0x0800b1c0      0x166 ./Middlewares/ST/STM32_USB_Device_Library/Core/Src/usbd_core.o
                0x0800b1c0                USBD_LL_DataOutStage
 .text.USBD_LL_DataInStage
                0x0800b326      0x164 ./Middlewares/ST/STM32_USB_Device_Library/Core/Src/usbd_core.o
                0x0800b326                USBD_LL_DataInStage
 .text.USBD_LL_Reset
                0x0800b48a       0xa4 ./Middlewares/ST/STM32_USB_Device_Library/Core/Src/usbd_core.o
                0x0800b48a                USBD_LL_Reset
 .text.USBD_LL_SetSpeed
                0x0800b52e       0x20 ./Middlewares/ST/STM32_USB_Device_Library/Core/Src/usbd_core.o
                0x0800b52e                USBD_LL_SetSpeed
 .text.USBD_LL_Suspend
                0x0800b54e       0x38 ./Middlewares/ST/STM32_USB_Device_Library/Core/Src/usbd_core.o
                0x0800b54e                USBD_LL_Suspend
 .text.USBD_LL_Resume
                0x0800b586       0x30 ./Middlewares/ST/STM32_USB_Device_Library/Core/Src/usbd_core.o
                0x0800b586                USBD_LL_Resume
 .text.USBD_LL_SOF
                0x0800b5b6       0x40 ./Middlewares/ST/STM32_USB_Device_Library/Core/Src/usbd_core.o
                0x0800b5b6                USBD_LL_SOF
 .text.USBD_LL_IsoINIncomplete
                0x0800b5f6       0x64 ./Middlewares/ST/STM32_USB_Device_Library/Core/Src/usbd_core.o
                0x0800b5f6                USBD_LL_IsoINIncomplete
 .text.USBD_LL_IsoOUTIncomplete
                0x0800b65a       0x64 ./Middlewares/ST/STM32_USB_Device_Library/Core/Src/usbd_core.o
                0x0800b65a                USBD_LL_IsoOUTIncomplete
 .text.USBD_LL_DevConnected
                0x0800b6be       0x16 ./Middlewares/ST/STM32_USB_Device_Library/Core/Src/usbd_core.o
                0x0800b6be                USBD_LL_DevConnected
 .text.USBD_LL_DevDisconnected
                0x0800b6d4       0x46 ./Middlewares/ST/STM32_USB_Device_Library/Core/Src/usbd_core.o
                0x0800b6d4                USBD_LL_DevDisconnected
 .text.USBD_CoreFindIF
                0x0800b71a       0x1a ./Middlewares/ST/STM32_USB_Device_Library/Core/Src/usbd_core.o
                0x0800b71a                USBD_CoreFindIF
 .text.USBD_CoreFindEP
                0x0800b734       0x1a ./Middlewares/ST/STM32_USB_Device_Library/Core/Src/usbd_core.o
                0x0800b734                USBD_CoreFindEP
 .text.USBD_GetEpDesc
                0x0800b74e       0x70 ./Middlewares/ST/STM32_USB_Device_Library/Core/Src/usbd_core.o
                0x0800b74e                USBD_GetEpDesc
 .text.USBD_GetNextDesc
                0x0800b7be       0x38 ./Middlewares/ST/STM32_USB_Device_Library/Core/Src/usbd_core.o
                0x0800b7be                USBD_GetNextDesc
 .text.SWAPBYTE
                0x0800b7f6       0x3c ./Middlewares/ST/STM32_USB_Device_Library/Core/Src/usbd_ctlreq.o
 *fill*         0x0800b832        0x2 
 .text.USBD_StdDevReq
                0x0800b834       0xe4 ./Middlewares/ST/STM32_USB_Device_Library/Core/Src/usbd_ctlreq.o
                0x0800b834                USBD_StdDevReq
 .text.USBD_StdItfReq
                0x0800b918       0xd8 ./Middlewares/ST/STM32_USB_Device_Library/Core/Src/usbd_ctlreq.o
                0x0800b918                USBD_StdItfReq
 .text.USBD_StdEPReq
                0x0800b9f0      0x33a ./Middlewares/ST/STM32_USB_Device_Library/Core/Src/usbd_ctlreq.o
                0x0800b9f0                USBD_StdEPReq
 *fill*         0x0800bd2a        0x2 
 .text.USBD_GetDescriptor
                0x0800bd2c      0x328 ./Middlewares/ST/STM32_USB_Device_Library/Core/Src/usbd_ctlreq.o
 .text.USBD_SetAddress
                0x0800c054       0x88 ./Middlewares/ST/STM32_USB_Device_Library/Core/Src/usbd_ctlreq.o
 .text.USBD_SetConfig
                0x0800c0dc      0x154 ./Middlewares/ST/STM32_USB_Device_Library/Core/Src/usbd_ctlreq.o
 .text.USBD_GetConfig
                0x0800c230       0x6c ./Middlewares/ST/STM32_USB_Device_Library/Core/Src/usbd_ctlreq.o
 .text.USBD_GetStatus
                0x0800c29c       0x68 ./Middlewares/ST/STM32_USB_Device_Library/Core/Src/usbd_ctlreq.o
 .text.USBD_SetFeature
                0x0800c304       0x52 ./Middlewares/ST/STM32_USB_Device_Library/Core/Src/usbd_ctlreq.o
 .text.USBD_ClrFeature
                0x0800c356       0x44 ./Middlewares/ST/STM32_USB_Device_Library/Core/Src/usbd_ctlreq.o
 .text.USBD_ParseSetupRequest
                0x0800c39a       0x74 ./Middlewares/ST/STM32_USB_Device_Library/Core/Src/usbd_ctlreq.o
                0x0800c39a                USBD_ParseSetupRequest
 .text.USBD_CtlError
                0x0800c40e       0x22 ./Middlewares/ST/STM32_USB_Device_Library/Core/Src/usbd_ctlreq.o
                0x0800c40e                USBD_CtlError
 .text.USBD_GetString
                0x0800c430       0x8c ./Middlewares/ST/STM32_USB_Device_Library/Core/Src/usbd_ctlreq.o
                0x0800c430                USBD_GetString
 .text.USBD_GetLen
                0x0800c4bc       0x34 ./Middlewares/ST/STM32_USB_Device_Library/Core/Src/usbd_ctlreq.o
 .text.USBD_CtlSendData
                0x0800c4f0       0x36 ./Middlewares/ST/STM32_USB_Device_Library/Core/Src/usbd_ioreq.o
                0x0800c4f0                USBD_CtlSendData
 .text.USBD_CtlContinueSendData
                0x0800c526       0x22 ./Middlewares/ST/STM32_USB_Device_Library/Core/Src/usbd_ioreq.o
                0x0800c526                USBD_CtlContinueSendData
 .text.USBD_CtlPrepareRx
                0x0800c548       0x3a ./Middlewares/ST/STM32_USB_Device_Library/Core/Src/usbd_ioreq.o
                0x0800c548                USBD_CtlPrepareRx
 .text.USBD_CtlContinueRx
                0x0800c582       0x22 ./Middlewares/ST/STM32_USB_Device_Library/Core/Src/usbd_ioreq.o
                0x0800c582                USBD_CtlContinueRx
 .text.USBD_CtlSendStatus
                0x0800c5a4       0x26 ./Middlewares/ST/STM32_USB_Device_Library/Core/Src/usbd_ioreq.o
                0x0800c5a4                USBD_CtlSendStatus
 .text.USBD_CtlReceiveStatus
                0x0800c5ca       0x26 ./Middlewares/ST/STM32_USB_Device_Library/Core/Src/usbd_ioreq.o
                0x0800c5ca                USBD_CtlReceiveStatus
 .text.FATFS_LinkDriverEx
                0x0800c5f0       0x98 ./Middlewares/Third_Party/FatFs/src/ff_gen_drv.o
                0x0800c5f0                FATFS_LinkDriverEx
 .text.FATFS_LinkDriver
                0x0800c688       0x1e ./Middlewares/Third_Party/FatFs/src/ff_gen_drv.o
                0x0800c688                FATFS_LinkDriver
 *fill*         0x0800c6a6        0x2 
 .text.MX_USB_DEVICE_Init
                0x0800c6a8       0x60 ./USB_DEVICE/App/usb_device.o
                0x0800c6a8                MX_USB_DEVICE_Init
 .text.CDC_Init_FS
                0x0800c708       0x28 ./USB_DEVICE/App/usbd_cdc_if.o
 .text.CDC_DeInit_FS
                0x0800c730       0x10 ./USB_DEVICE/App/usbd_cdc_if.o
 .text.CDC_Control_FS
                0x0800c740       0xbc ./USB_DEVICE/App/usbd_cdc_if.o
 .text.CDC_Receive_FS
                0x0800c7fc       0x28 ./USB_DEVICE/App/usbd_cdc_if.o
 .text.CDC_Transmit_FS
                0x0800c824       0x4c ./USB_DEVICE/App/usbd_cdc_if.o
                0x0800c824                CDC_Transmit_FS
 .text.CDC_TransmitCplt_FS
                0x0800c870       0x22 ./USB_DEVICE/App/usbd_cdc_if.o
 *fill*         0x0800c892        0x2 
 .text.USBD_FS_DeviceDescriptor
                0x0800c894       0x24 ./USB_DEVICE/App/usbd_desc.o
                0x0800c894                USBD_FS_DeviceDescriptor
 .text.USBD_FS_LangIDStrDescriptor
                0x0800c8b8       0x24 ./USB_DEVICE/App/usbd_desc.o
                0x0800c8b8                USBD_FS_LangIDStrDescriptor
 .text.USBD_FS_ProductStrDescriptor
                0x0800c8dc       0x3c ./USB_DEVICE/App/usbd_desc.o
                0x0800c8dc                USBD_FS_ProductStrDescriptor
 .text.USBD_FS_ManufacturerStrDescriptor
                0x0800c918       0x28 ./USB_DEVICE/App/usbd_desc.o
                0x0800c918                USBD_FS_ManufacturerStrDescriptor
 .text.USBD_FS_SerialStrDescriptor
                0x0800c940       0x24 ./USB_DEVICE/App/usbd_desc.o
                0x0800c940                USBD_FS_SerialStrDescriptor
 .text.USBD_FS_ConfigStrDescriptor
                0x0800c964       0x3c ./USB_DEVICE/App/usbd_desc.o
                0x0800c964                USBD_FS_ConfigStrDescriptor
 .text.USBD_FS_InterfaceStrDescriptor
                0x0800c9a0       0x3c ./USB_DEVICE/App/usbd_desc.o
                0x0800c9a0                USBD_FS_InterfaceStrDescriptor
 .text.USBD_FS_USR_BOSDescriptor
                0x0800c9dc       0x24 ./USB_DEVICE/App/usbd_desc.o
                0x0800c9dc                USBD_FS_USR_BOSDescriptor
 .text.Get_SerialNum
                0x0800ca00       0x58 ./USB_DEVICE/App/usbd_desc.o
 .text.IntToUnicode
                0x0800ca58       0x7e ./USB_DEVICE/App/usbd_desc.o
 *fill*         0x0800cad6        0x2 
 .text.HAL_PCD_MspInit
                0x0800cad8       0xd4 ./USB_DEVICE/Target/usbd_conf.o
                0x0800cad8                HAL_PCD_MspInit
 .text.HAL_PCD_SetupStageCallback
                0x0800cbac       0x24 ./USB_DEVICE/Target/usbd_conf.o
                0x0800cbac                HAL_PCD_SetupStageCallback
 .text.HAL_PCD_DataOutStageCallback
                0x0800cbd0       0x36 ./USB_DEVICE/Target/usbd_conf.o
                0x0800cbd0                HAL_PCD_DataOutStageCallback
 .text.HAL_PCD_DataInStageCallback
                0x0800cc06       0x34 ./USB_DEVICE/Target/usbd_conf.o
                0x0800cc06                HAL_PCD_DataInStageCallback
 .text.HAL_PCD_SOFCallback
                0x0800cc3a       0x1c ./USB_DEVICE/Target/usbd_conf.o
                0x0800cc3a                HAL_PCD_SOFCallback
 .text.HAL_PCD_ResetCallback
                0x0800cc56       0x50 ./USB_DEVICE/Target/usbd_conf.o
                0x0800cc56                HAL_PCD_ResetCallback
 *fill*         0x0800cca6        0x2 
 .text.HAL_PCD_SuspendCallback
                0x0800cca8       0x4c ./USB_DEVICE/Target/usbd_conf.o
                0x0800cca8                HAL_PCD_SuspendCallback
 .text.HAL_PCD_ResumeCallback
                0x0800ccf4       0x1c ./USB_DEVICE/Target/usbd_conf.o
                0x0800ccf4                HAL_PCD_ResumeCallback
 .text.HAL_PCD_ISOOUTIncompleteCallback
                0x0800cd10       0x24 ./USB_DEVICE/Target/usbd_conf.o
                0x0800cd10                HAL_PCD_ISOOUTIncompleteCallback
 .text.HAL_PCD_ISOINIncompleteCallback
                0x0800cd34       0x24 ./USB_DEVICE/Target/usbd_conf.o
                0x0800cd34                HAL_PCD_ISOINIncompleteCallback
 .text.HAL_PCD_ConnectCallback
                0x0800cd58       0x1c ./USB_DEVICE/Target/usbd_conf.o
                0x0800cd58                HAL_PCD_ConnectCallback
 .text.HAL_PCD_DisconnectCallback
                0x0800cd74       0x1c ./USB_DEVICE/Target/usbd_conf.o
                0x0800cd74                HAL_PCD_DisconnectCallback
 .text.USBD_LL_Init
                0x0800cd90       0x98 ./USB_DEVICE/Target/usbd_conf.o
                0x0800cd90                USBD_LL_Init
 .text.USBD_LL_Start
                0x0800ce28       0x36 ./USB_DEVICE/Target/usbd_conf.o
                0x0800ce28                USBD_LL_Start
 .text.USBD_LL_OpenEP
                0x0800ce5e       0x4c ./USB_DEVICE/Target/usbd_conf.o
                0x0800ce5e                USBD_LL_OpenEP
 .text.USBD_LL_CloseEP
                0x0800ceaa       0x3e ./USB_DEVICE/Target/usbd_conf.o
                0x0800ceaa                USBD_LL_CloseEP
 .text.USBD_LL_StallEP
                0x0800cee8       0x3e ./USB_DEVICE/Target/usbd_conf.o
                0x0800cee8                USBD_LL_StallEP
 .text.USBD_LL_ClearStallEP
                0x0800cf26       0x3e ./USB_DEVICE/Target/usbd_conf.o
                0x0800cf26                USBD_LL_ClearStallEP
 .text.USBD_LL_IsStallEP
                0x0800cf64       0x58 ./USB_DEVICE/Target/usbd_conf.o
                0x0800cf64                USBD_LL_IsStallEP
 .text.USBD_LL_SetUSBAddress
                0x0800cfbc       0x3e ./USB_DEVICE/Target/usbd_conf.o
                0x0800cfbc                USBD_LL_SetUSBAddress
 .text.USBD_LL_Transmit
                0x0800cffa       0x42 ./USB_DEVICE/Target/usbd_conf.o
                0x0800cffa                USBD_LL_Transmit
 .text.USBD_LL_PrepareReceive
                0x0800d03c       0x42 ./USB_DEVICE/Target/usbd_conf.o
                0x0800d03c                USBD_LL_PrepareReceive
 .text.USBD_LL_GetRxDataSize
                0x0800d07e       0x26 ./USB_DEVICE/Target/usbd_conf.o
                0x0800d07e                USBD_LL_GetRxDataSize
 .text.HAL_PCDEx_LPM_Callback
                0x0800d0a4       0x9c ./USB_DEVICE/Target/usbd_conf.o
                0x0800d0a4                HAL_PCDEx_LPM_Callback
 .text.USBD_static_malloc
                0x0800d140       0x1c ./USB_DEVICE/Target/usbd_conf.o
                0x0800d140                USBD_static_malloc
 .text.USBD_static_free
                0x0800d15c       0x14 ./USB_DEVICE/Target/usbd_conf.o
                0x0800d15c                USBD_static_free
 .text.USBD_Get_USB_Status
                0x0800d170       0x58 ./USB_DEVICE/Target/usbd_conf.o
                0x0800d170                USBD_Get_USB_Status
 .text.snprintf
                0x0800d1c8       0x68 C:/Users/berat/.eclipse/com.st.stm32cube.ide.mcu.rcp.product_1.15.0_1209370567_win32_win32_x86_64/plugins/com.st.stm32cube.ide.mcu.externaltools.gnu-tools-for-stm32.12.3.rel1.win32_1.0.200.202406191623/tools/bin/../lib/gcc/arm-none-eabi/12.3.1/../../../../arm-none-eabi/lib/thumb/v7e-m+fp/hard\libc_nano.a(libc_a-snprintf.o)
                0x0800d1c8                sniprintf
                0x0800d1c8                snprintf
 .text.memset   0x0800d230       0x10 C:/Users/berat/.eclipse/com.st.stm32cube.ide.mcu.rcp.product_1.15.0_1209370567_win32_win32_x86_64/plugins/com.st.stm32cube.ide.mcu.externaltools.gnu-tools-for-stm32.12.3.rel1.win32_1.0.200.202406191623/tools/bin/../lib/gcc/arm-none-eabi/12.3.1/../../../../arm-none-eabi/lib/thumb/v7e-m+fp/hard\libc_nano.a(libc_a-memset.o)
                0x0800d230                memset
 .text.__errno  0x0800d240        0xc C:/Users/berat/.eclipse/com.st.stm32cube.ide.mcu.rcp.product_1.15.0_1209370567_win32_win32_x86_64/plugins/com.st.stm32cube.ide.mcu.externaltools.gnu-tools-for-stm32.12.3.rel1.win32_1.0.200.202406191623/tools/bin/../lib/gcc/arm-none-eabi/12.3.1/../../../../arm-none-eabi/lib/thumb/v7e-m+fp/hard\libc_nano.a(libc_a-errno.o)
                0x0800d240                __errno
 .text.__libc_init_array
                0x0800d24c       0x48 C:/Users/berat/.eclipse/com.st.stm32cube.ide.mcu.rcp.product_1.15.0_1209370567_win32_win32_x86_64/plugins/com.st.stm32cube.ide.mcu.externaltools.gnu-tools-for-stm32.12.3.rel1.win32_1.0.200.202406191623/tools/bin/../lib/gcc/arm-none-eabi/12.3.1/../../../../arm-none-eabi/lib/thumb/v7e-m+fp/hard\libc_nano.a(libc_a-init.o)
                0x0800d24c                __libc_init_array
 .text.__retarget_lock_acquire_recursive
                0x0800d294        0x2 C:/Users/berat/.eclipse/com.st.stm32cube.ide.mcu.rcp.product_1.15.0_1209370567_win32_win32_x86_64/plugins/com.st.stm32cube.ide.mcu.externaltools.gnu-tools-for-stm32.12.3.rel1.win32_1.0.200.202406191623/tools/bin/../lib/gcc/arm-none-eabi/12.3.1/../../../../arm-none-eabi/lib/thumb/v7e-m+fp/hard\libc_nano.a(libc_a-lock.o)
                0x0800d294                __retarget_lock_acquire_recursive
 .text.__retarget_lock_release_recursive
                0x0800d296        0x2 C:/Users/berat/.eclipse/com.st.stm32cube.ide.mcu.rcp.product_1.15.0_1209370567_win32_win32_x86_64/plugins/com.st.stm32cube.ide.mcu.externaltools.gnu-tools-for-stm32.12.3.rel1.win32_1.0.200.202406191623/tools/bin/../lib/gcc/arm-none-eabi/12.3.1/../../../../arm-none-eabi/lib/thumb/v7e-m+fp/hard\libc_nano.a(libc_a-lock.o)
                0x0800d296                __retarget_lock_release_recursive
 .text._free_r  0x0800d298       0x94 C:/Users/berat/.eclipse/com.st.stm32cube.ide.mcu.rcp.product_1.15.0_1209370567_win32_win32_x86_64/plugins/com.st.stm32cube.ide.mcu.externaltools.gnu-tools-for-stm32.12.3.rel1.win32_1.0.200.202406191623/tools/bin/../lib/gcc/arm-none-eabi/12.3.1/../../../../arm-none-eabi/lib/thumb/v7e-m+fp/hard\libc_nano.a(libc_a-freer.o)
                0x0800d298                _free_r
 .text.sbrk_aligned
                0x0800d32c       0x44 C:/Users/berat/.eclipse/com.st.stm32cube.ide.mcu.rcp.product_1.15.0_1209370567_win32_win32_x86_64/plugins/com.st.stm32cube.ide.mcu.externaltools.gnu-tools-for-stm32.12.3.rel1.win32_1.0.200.202406191623/tools/bin/../lib/gcc/arm-none-eabi/12.3.1/../../../../arm-none-eabi/lib/thumb/v7e-m+fp/hard\libc_nano.a(libc_a-mallocr.o)
 .text._malloc_r
                0x0800d370      0x100 C:/Users/berat/.eclipse/com.st.stm32cube.ide.mcu.rcp.product_1.15.0_1209370567_win32_win32_x86_64/plugins/com.st.stm32cube.ide.mcu.externaltools.gnu-tools-for-stm32.12.3.rel1.win32_1.0.200.202406191623/tools/bin/../lib/gcc/arm-none-eabi/12.3.1/../../../../arm-none-eabi/lib/thumb/v7e-m+fp/hard\libc_nano.a(libc_a-mallocr.o)
                0x0800d370                _malloc_r
 .text.__malloc_lock
                0x0800d470        0xc C:/Users/berat/.eclipse/com.st.stm32cube.ide.mcu.rcp.product_1.15.0_1209370567_win32_win32_x86_64/plugins/com.st.stm32cube.ide.mcu.externaltools.gnu-tools-for-stm32.12.3.rel1.win32_1.0.200.202406191623/tools/bin/../lib/gcc/arm-none-eabi/12.3.1/../../../../arm-none-eabi/lib/thumb/v7e-m+fp/hard\libc_nano.a(libc_a-mlock.o)
                0x0800d470                __malloc_lock
 .text.__malloc_unlock
                0x0800d47c        0xc C:/Users/berat/.eclipse/com.st.stm32cube.ide.mcu.rcp.product_1.15.0_1209370567_win32_win32_x86_64/plugins/com.st.stm32cube.ide.mcu.externaltools.gnu-tools-for-stm32.12.3.rel1.win32_1.0.200.202406191623/tools/bin/../lib/gcc/arm-none-eabi/12.3.1/../../../../arm-none-eabi/lib/thumb/v7e-m+fp/hard\libc_nano.a(libc_a-mlock.o)
                0x0800d47c                __malloc_unlock
 .text.__ssputs_r
                0x0800d488       0xb6 C:/Users/berat/.eclipse/com.st.stm32cube.ide.mcu.rcp.product_1.15.0_1209370567_win32_win32_x86_64/plugins/com.st.stm32cube.ide.mcu.externaltools.gnu-tools-for-stm32.12.3.rel1.win32_1.0.200.202406191623/tools/bin/../lib/gcc/arm-none-eabi/12.3.1/../../../../arm-none-eabi/lib/thumb/v7e-m+fp/hard\libc_nano.a(libc_a-nano-svfprintf.o)
                0x0800d488                __ssputs_r
 *fill*         0x0800d53e        0x2 
 .text._svfprintf_r
                0x0800d540      0x1f8 C:/Users/berat/.eclipse/com.st.stm32cube.ide.mcu.rcp.product_1.15.0_1209370567_win32_win32_x86_64/plugins/com.st.stm32cube.ide.mcu.externaltools.gnu-tools-for-stm32.12.3.rel1.win32_1.0.200.202406191623/tools/bin/../lib/gcc/arm-none-eabi/12.3.1/../../../../arm-none-eabi/lib/thumb/v7e-m+fp/hard\libc_nano.a(libc_a-nano-svfprintf.o)
                0x0800d540                _svfiprintf_r
                0x0800d540                _svfprintf_r
 .text._printf_common
                0x0800d738       0xda C:/Users/berat/.eclipse/com.st.stm32cube.ide.mcu.rcp.product_1.15.0_1209370567_win32_win32_x86_64/plugins/com.st.stm32cube.ide.mcu.externaltools.gnu-tools-for-stm32.12.3.rel1.win32_1.0.200.202406191623/tools/bin/../lib/gcc/arm-none-eabi/12.3.1/../../../../arm-none-eabi/lib/thumb/v7e-m+fp/hard\libc_nano.a(libc_a-nano-vfprintf_i.o)
                0x0800d738                _printf_common
 *fill*         0x0800d812        0x2 
 .text._printf_i
                0x0800d814      0x240 C:/Users/berat/.eclipse/com.st.stm32cube.ide.mcu.rcp.product_1.15.0_1209370567_win32_win32_x86_64/plugins/com.st.stm32cube.ide.mcu.externaltools.gnu-tools-for-stm32.12.3.rel1.win32_1.0.200.202406191623/tools/bin/../lib/gcc/arm-none-eabi/12.3.1/../../../../arm-none-eabi/lib/thumb/v7e-m+fp/hard\libc_nano.a(libc_a-nano-vfprintf_i.o)
                0x0800d814                _printf_i
 .text.memmove  0x0800da54       0x34 C:/Users/berat/.eclipse/com.st.stm32cube.ide.mcu.rcp.product_1.15.0_1209370567_win32_win32_x86_64/plugins/com.st.stm32cube.ide.mcu.externaltools.gnu-tools-for-stm32.12.3.rel1.win32_1.0.200.202406191623/tools/bin/../lib/gcc/arm-none-eabi/12.3.1/../../../../arm-none-eabi/lib/thumb/v7e-m+fp/hard\libc_nano.a(libc_a-memmove.o)
                0x0800da54                memmove
 .text._sbrk_r  0x0800da88       0x20 C:/Users/berat/.eclipse/com.st.stm32cube.ide.mcu.rcp.product_1.15.0_1209370567_win32_win32_x86_64/plugins/com.st.stm32cube.ide.mcu.externaltools.gnu-tools-for-stm32.12.3.rel1.win32_1.0.200.202406191623/tools/bin/../lib/gcc/arm-none-eabi/12.3.1/../../../../arm-none-eabi/lib/thumb/v7e-m+fp/hard\libc_nano.a(libc_a-sbrkr.o)
                0x0800da88                _sbrk_r
 .text.memcpy   0x0800daa8       0x1c C:/Users/berat/.eclipse/com.st.stm32cube.ide.mcu.rcp.product_1.15.0_1209370567_win32_win32_x86_64/plugins/com.st.stm32cube.ide.mcu.externaltools.gnu-tools-for-stm32.12.3.rel1.win32_1.0.200.202406191623/tools/bin/../lib/gcc/arm-none-eabi/12.3.1/../../../../arm-none-eabi/lib/thumb/v7e-m+fp/hard\libc_nano.a(libc_a-memcpy-stub.o)
                0x0800daa8                memcpy
 .text._realloc_r
                0x0800dac4       0x5c C:/Users/berat/.eclipse/com.st.stm32cube.ide.mcu.rcp.product_1.15.0_1209370567_win32_win32_x86_64/plugins/com.st.stm32cube.ide.mcu.externaltools.gnu-tools-for-stm32.12.3.rel1.win32_1.0.200.202406191623/tools/bin/../lib/gcc/arm-none-eabi/12.3.1/../../../../arm-none-eabi/lib/thumb/v7e-m+fp/hard\libc_nano.a(libc_a-reallocr.o)
                0x0800dac4                _realloc_r
 .text._malloc_usable_size_r
                0x0800db20       0x10 C:/Users/berat/.eclipse/com.st.stm32cube.ide.mcu.rcp.product_1.15.0_1209370567_win32_win32_x86_64/plugins/com.st.stm32cube.ide.mcu.externaltools.gnu-tools-for-stm32.12.3.rel1.win32_1.0.200.202406191623/tools/bin/../lib/gcc/arm-none-eabi/12.3.1/../../../../arm-none-eabi/lib/thumb/v7e-m+fp/hard\libc_nano.a(libc_a-msizer.o)
                0x0800db20                _malloc_usable_size_r
 *(.glue_7)
 .glue_7        0x0800db30        0x0 linker stubs
 *(.glue_7t)
 .glue_7t       0x0800db30        0x0 linker stubs
 *(.eh_frame)
 .eh_frame      0x0800db30        0x0 C:/Users/berat/.eclipse/com.st.stm32cube.ide.mcu.rcp.product_1.15.0_1209370567_win32_win32_x86_64/plugins/com.st.stm32cube.ide.mcu.externaltools.gnu-tools-for-stm32.12.3.rel1.win32_1.0.200.202406191623/tools/bin/../lib/gcc/arm-none-eabi/12.3.1/thumb/v7e-m+fp/hard/crtbegin.o
 *(.init)
 .init          0x0800db30        0x4 C:/Users/berat/.eclipse/com.st.stm32cube.ide.mcu.rcp.product_1.15.0_1209370567_win32_win32_x86_64/plugins/com.st.stm32cube.ide.mcu.externaltools.gnu-tools-for-stm32.12.3.rel1.win32_1.0.200.202406191623/tools/bin/../lib/gcc/arm-none-eabi/12.3.1/thumb/v7e-m+fp/hard/crti.o
                0x0800db30                _init
 .init          0x0800db34        0x8 C:/Users/berat/.eclipse/com.st.stm32cube.ide.mcu.rcp.product_1.15.0_1209370567_win32_win32_x86_64/plugins/com.st.stm32cube.ide.mcu.externaltools.gnu-tools-for-stm32.12.3.rel1.win32_1.0.200.202406191623/tools/bin/../lib/gcc/arm-none-eabi/12.3.1/thumb/v7e-m+fp/hard/crtn.o
 *(.fini)
 .fini          0x0800db3c        0x4 C:/Users/berat/.eclipse/com.st.stm32cube.ide.mcu.rcp.product_1.15.0_1209370567_win32_win32_x86_64/plugins/com.st.stm32cube.ide.mcu.externaltools.gnu-tools-for-stm32.12.3.rel1.win32_1.0.200.202406191623/tools/bin/../lib/gcc/arm-none-eabi/12.3.1/thumb/v7e-m+fp/hard/crti.o
                0x0800db3c                _fini
 .fini          0x0800db40        0x8 C:/Users/berat/.eclipse/com.st.stm32cube.ide.mcu.rcp.product_1.15.0_1209370567_win32_win32_x86_64/plugins/com.st.stm32cube.ide.mcu.externaltools.gnu-tools-for-stm32.12.3.rel1.win32_1.0.200.202406191623/tools/bin/../lib/gcc/arm-none-eabi/12.3.1/thumb/v7e-m+fp/hard/crtn.o
                0x0800db48                        . = ALIGN (0x4)
                0x0800db48                        _etext = .

.vfp11_veneer   0x0800db48        0x0
 .vfp11_veneer  0x0800db48        0x0 linker stubs

.v4_bx          0x0800db48        0x0
 .v4_bx         0x0800db48        0x0 linker stubs

.iplt           0x0800db48        0x0
 .iplt          0x0800db48        0x0 C:/Users/berat/.eclipse/com.st.stm32cube.ide.mcu.rcp.product_1.15.0_1209370567_win32_win32_x86_64/plugins/com.st.stm32cube.ide.mcu.externaltools.gnu-tools-for-stm32.12.3.rel1.win32_1.0.200.202406191623/tools/bin/../lib/gcc/arm-none-eabi/12.3.1/thumb/v7e-m+fp/hard/crtbegin.o

.rodata         0x0800db48       0xdc
                0x0800db48                        . = ALIGN (0x4)
 *(.rodata)
 .rodata        0x0800db48        0x8 ./Core/Src/MS5611.o
 .rodata        0x0800db50       0x26 ./Core/Src/main.o
 *fill*         0x0800db76        0x2 
 .rodata        0x0800db78       0x42 ./USB_DEVICE/App/usbd_desc.o
 *(.rodata*)
 *fill*         0x0800dbba        0x2 
 .rodata.AHBPrescTable
                0x0800dbbc       0x10 ./Core/Src/system_stm32f4xx.o
                0x0800dbbc                AHBPrescTable
 .rodata.APBPrescTable
                0x0800dbcc        0x8 ./Core/Src/system_stm32f4xx.o
                0x0800dbcc                APBPrescTable
 .rodata.flagBitshiftOffset.0
                0x0800dbd4        0x8 ./Drivers/STM32F4xx_HAL_Driver/Src/stm32f4xx_hal_dma.o
 .rodata.SD_Driver
                0x0800dbdc       0x14 ./FATFS/Target/sd_diskio.o
                0x0800dbdc                SD_Driver
 .rodata._svfprintf_r.str1.1
                0x0800dbf0       0x11 C:/Users/berat/.eclipse/com.st.stm32cube.ide.mcu.rcp.product_1.15.0_1209370567_win32_win32_x86_64/plugins/com.st.stm32cube.ide.mcu.externaltools.gnu-tools-for-stm32.12.3.rel1.win32_1.0.200.202406191623/tools/bin/../lib/gcc/arm-none-eabi/12.3.1/../../../../arm-none-eabi/lib/thumb/v7e-m+fp/hard\libc_nano.a(libc_a-nano-svfprintf.o)
 .rodata._printf_i.str1.1
                0x0800dc01       0x22 C:/Users/berat/.eclipse/com.st.stm32cube.ide.mcu.rcp.product_1.15.0_1209370567_win32_win32_x86_64/plugins/com.st.stm32cube.ide.mcu.externaltools.gnu-tools-for-stm32.12.3.rel1.win32_1.0.200.202406191623/tools/bin/../lib/gcc/arm-none-eabi/12.3.1/../../../../arm-none-eabi/lib/thumb/v7e-m+fp/hard\libc_nano.a(libc_a-nano-vfprintf_i.o)
                0x0800dc24                        . = ALIGN (0x4)
 *fill*         0x0800dc23        0x1 

.ARM.extab      0x0800dc24        0x0
                0x0800dc24                        . = ALIGN (0x4)
 *(.ARM.extab* .gnu.linkonce.armextab.*)
                0x0800dc24                        . = ALIGN (0x4)

.ARM            0x0800dc24        0x8
                0x0800dc24                        . = ALIGN (0x4)
                0x0800dc24                        __exidx_start = .
 *(.ARM.exidx*)
 .ARM.exidx     0x0800dc24        0x8 C:/Users/berat/.eclipse/com.st.stm32cube.ide.mcu.rcp.product_1.15.0_1209370567_win32_win32_x86_64/plugins/com.st.stm32cube.ide.mcu.externaltools.gnu-tools-for-stm32.12.3.rel1.win32_1.0.200.202406191623/tools/bin/../lib/gcc/arm-none-eabi/12.3.1/../../../../arm-none-eabi/lib/thumb/v7e-m+fp/hard\libc_nano.a(libc_a-memchr.o)
 .ARM.exidx     0x0800dc2c        0x0 C:/Users/berat/.eclipse/com.st.stm32cube.ide.mcu.rcp.product_1.15.0_1209370567_win32_win32_x86_64/plugins/com.st.stm32cube.ide.mcu.externaltools.gnu-tools-for-stm32.12.3.rel1.win32_1.0.200.202406191623/tools/bin/../lib/gcc/arm-none-eabi/12.3.1/thumb/v7e-m+fp/hard\libgcc.a(_udivmoddi4.o)
                                  0x8 (size before relaxing)
                0x0800dc2c                        __exidx_end = .
                0x0800dc2c                        . = ALIGN (0x4)

.preinit_array  0x0800dc2c        0x0
                0x0800dc2c                        . = ALIGN (0x4)
                0x0800dc2c                        PROVIDE (__preinit_array_start = .)
 *(.preinit_array*)
                0x0800dc2c                        PROVIDE (__preinit_array_end = .)
                0x0800dc2c                        . = ALIGN (0x4)

.init_array     0x0800dc2c        0x4
                0x0800dc2c                        . = ALIGN (0x4)
                0x0800dc2c                        PROVIDE (__init_array_start = .)
 *(SORT_BY_NAME(.init_array.*))
 *(.init_array*)
 .init_array    0x0800dc2c        0x4 C:/Users/berat/.eclipse/com.st.stm32cube.ide.mcu.rcp.product_1.15.0_1209370567_win32_win32_x86_64/plugins/com.st.stm32cube.ide.mcu.externaltools.gnu-tools-for-stm32.12.3.rel1.win32_1.0.200.202406191623/tools/bin/../lib/gcc/arm-none-eabi/12.3.1/thumb/v7e-m+fp/hard/crtbegin.o
                0x0800dc30                        PROVIDE (__init_array_end = .)
                0x0800dc30                        . = ALIGN (0x4)

.fini_array     0x0800dc30        0x4
                0x0800dc30                        . = ALIGN (0x4)
                [!provide]                        PROVIDE (__fini_array_start = .)
 *(SORT_BY_NAME(.fini_array.*))
 *(.fini_array*)
 .fini_array    0x0800dc30        0x4 C:/Users/berat/.eclipse/com.st.stm32cube.ide.mcu.rcp.product_1.15.0_1209370567_win32_win32_x86_64/plugins/com.st.stm32cube.ide.mcu.externaltools.gnu-tools-for-stm32.12.3.rel1.win32_1.0.200.202406191623/tools/bin/../lib/gcc/arm-none-eabi/12.3.1/thumb/v7e-m+fp/hard/crtbegin.o
                [!provide]                        PROVIDE (__fini_array_end = .)
                0x0800dc34                        . = ALIGN (0x4)
                0x0800dc34                        _sidata = LOADADDR (.data)

.rel.dyn        0x0800dc34        0x0
 .rel.iplt      0x0800dc34        0x0 C:/Users/berat/.eclipse/com.st.stm32cube.ide.mcu.rcp.product_1.15.0_1209370567_win32_win32_x86_64/plugins/com.st.stm32cube.ide.mcu.externaltools.gnu-tools-for-stm32.12.3.rel1.win32_1.0.200.202406191623/tools/bin/../lib/gcc/arm-none-eabi/12.3.1/thumb/v7e-m+fp/hard/crtbegin.o

.data           0x20000000      0x15c load address 0x0800dc34
                0x20000000                        . = ALIGN (0x4)
                0x20000000                        _sdata = .
 *(.data)
 *(.data*)
 .data.SystemCoreClock
                0x20000000        0x4 ./Core/Src/system_stm32f4xx.o
                0x20000000                SystemCoreClock
 .data.uwTickPrio
                0x20000004        0x4 ./Drivers/STM32F4xx_HAL_Driver/Src/stm32f4xx_hal.o
                0x20000004                uwTickPrio
 .data.uwTickFreq
                0x20000008        0x1 ./Drivers/STM32F4xx_HAL_Driver/Src/stm32f4xx_hal.o
                0x20000008                uwTickFreq
 .data.Stat     0x20000009        0x1 ./FATFS/Target/sd_diskio.o
 *fill*         0x2000000a        0x2 
 .data.USBD_CDC_DeviceQualifierDesc
                0x2000000c        0xa ./Middlewares/ST/STM32_USB_Device_Library/Class/CDC/Src/usbd_cdc.o
 *fill*         0x20000016        0x2 
 .data.USBD_CDC
                0x20000018       0x38 ./Middlewares/ST/STM32_USB_Device_Library/Class/CDC/Src/usbd_cdc.o
                0x20000018                USBD_CDC
 .data.USBD_CDC_CfgDesc
                0x20000050       0x43 ./Middlewares/ST/STM32_USB_Device_Library/Class/CDC/Src/usbd_cdc.o
 .data.CDCInEpAdd
                0x20000093        0x1 ./Middlewares/ST/STM32_USB_Device_Library/Class/CDC/Src/usbd_cdc.o
 .data.CDCOutEpAdd
                0x20000094        0x1 ./Middlewares/ST/STM32_USB_Device_Library/Class/CDC/Src/usbd_cdc.o
 .data.CDCCmdEpAdd
                0x20000095        0x1 ./Middlewares/ST/STM32_USB_Device_Library/Class/CDC/Src/usbd_cdc.o
 *fill*         0x20000096        0x2 
 .data.USBD_Interface_fops_FS
                0x20000098       0x14 ./USB_DEVICE/App/usbd_cdc_if.o
                0x20000098                USBD_Interface_fops_FS
 .data.FS_Desc  0x200000ac       0x20 ./USB_DEVICE/App/usbd_desc.o
                0x200000ac                FS_Desc
 .data.USBD_FS_DeviceDesc
                0x200000cc       0x12 ./USB_DEVICE/App/usbd_desc.o
                0x200000cc                USBD_FS_DeviceDesc
 *fill*         0x200000de        0x2 
 .data.USBD_FS_BOSDesc
                0x200000e0        0xc ./USB_DEVICE/App/usbd_desc.o
                0x200000e0                USBD_FS_BOSDesc
 .data.USBD_LangIDDesc
                0x200000ec        0x4 ./USB_DEVICE/App/usbd_desc.o
                0x200000ec                USBD_LangIDDesc
 .data.USBD_StringSerial
                0x200000f0       0x1a ./USB_DEVICE/App/usbd_desc.o
                0x200000f0                USBD_StringSerial
 *fill*         0x2000010a        0x2 
 .data._impure_ptr
                0x2000010c        0x4 C:/Users/berat/.eclipse/com.st.stm32cube.ide.mcu.rcp.product_1.15.0_1209370567_win32_win32_x86_64/plugins/com.st.stm32cube.ide.mcu.externaltools.gnu-tools-for-stm32.12.3.rel1.win32_1.0.200.202406191623/tools/bin/../lib/gcc/arm-none-eabi/12.3.1/../../../../arm-none-eabi/lib/thumb/v7e-m+fp/hard\libc_nano.a(libc_a-impure.o)
                0x2000010c                _impure_ptr
 .data._impure_data
                0x20000110       0x4c C:/Users/berat/.eclipse/com.st.stm32cube.ide.mcu.rcp.product_1.15.0_1209370567_win32_win32_x86_64/plugins/com.st.stm32cube.ide.mcu.externaltools.gnu-tools-for-stm32.12.3.rel1.win32_1.0.200.202406191623/tools/bin/../lib/gcc/arm-none-eabi/12.3.1/../../../../arm-none-eabi/lib/thumb/v7e-m+fp/hard\libc_nano.a(libc_a-impure.o)
                0x20000110                _impure_data
 *(.RamFunc)
 *(.RamFunc*)
                0x2000015c                        . = ALIGN (0x4)
                0x2000015c                        _edata = .

.igot.plt       0x2000015c        0x0 load address 0x0800dd90
 .igot.plt      0x2000015c        0x0 C:/Users/berat/.eclipse/com.st.stm32cube.ide.mcu.rcp.product_1.15.0_1209370567_win32_win32_x86_64/plugins/com.st.stm32cube.ide.mcu.externaltools.gnu-tools-for-stm32.12.3.rel1.win32_1.0.200.202406191623/tools/bin/../lib/gcc/arm-none-eabi/12.3.1/thumb/v7e-m+fp/hard/crtbegin.o
                0x2000015c                        . = ALIGN (0x4)

.bss            0x20000160     0x212c load address 0x0800dd90
                0x20000160                        _sbss = .
                0x20000160                        __bss_start__ = _sbss
 *(.bss)
 .bss           0x20000160       0x1c C:/Users/berat/.eclipse/com.st.stm32cube.ide.mcu.rcp.product_1.15.0_1209370567_win32_win32_x86_64/plugins/com.st.stm32cube.ide.mcu.externaltools.gnu-tools-for-stm32.12.3.rel1.win32_1.0.200.202406191623/tools/bin/../lib/gcc/arm-none-eabi/12.3.1/thumb/v7e-m+fp/hard/crtbegin.o
 *(.bss*)
 .bss.hfmpi2c1  0x2000017c       0x54 ./Core/Src/fmpi2c.o
                0x2000017c                hfmpi2c1
 .bss.hi2c1     0x200001d0       0x54 ./Core/Src/i2c.o
                0x200001d0                hi2c1
 .bss.hi2c2     0x20000224       0x54 ./Core/Src/i2c.o
                0x20000224                hi2c2
 .bss.hi2c3     0x20000278       0x54 ./Core/Src/i2c.o
                0x20000278                hi2c3
 *fill*         0x200002cc        0x4 
 .bss.ms5611_data
                0x200002d0       0x40 ./Core/Src/main.o
                0x200002d0                ms5611_data
 .bss.hsd       0x20000310       0x84 ./Core/Src/sdio.o
                0x20000310                hsd
 .bss.hdma_sdio_rx
                0x20000394       0x60 ./Core/Src/sdio.o
                0x20000394                hdma_sdio_rx
 .bss.hdma_sdio_tx
                0x200003f4       0x60 ./Core/Src/sdio.o
                0x200003f4                hdma_sdio_tx
 .bss.hspi1     0x20000454       0x58 ./Core/Src/spi.o
                0x20000454                hspi1
 .bss.__sbrk_heap_end
                0x200004ac        0x4 ./Core/Src/sysmem.o
 .bss.huart4    0x200004b0       0x48 ./Core/Src/usart.o
                0x200004b0                huart4
 .bss.huart1    0x200004f8       0x48 ./Core/Src/usart.o
                0x200004f8                huart1
 .bss.uwTick    0x20000540        0x4 ./Drivers/STM32F4xx_HAL_Driver/Src/stm32f4xx_hal.o
                0x20000540                uwTick
 .bss.retSD     0x20000544        0x1 ./FATFS/App/fatfs.o
                0x20000544                retSD
 *fill*         0x20000545        0x3 
 .bss.SDPath    0x20000548        0x4 ./FATFS/App/fatfs.o
                0x20000548                SDPath
 .bss.WriteStatus
                0x2000054c        0x4 ./FATFS/Target/sd_diskio.o
 .bss.ReadStatus
                0x20000550        0x4 ./FATFS/Target/sd_diskio.o
 .bss.cfgidx.0  0x20000554        0x1 ./Middlewares/ST/STM32_USB_Device_Library/Core/Src/usbd_ctlreq.o
 *fill*         0x20000555        0x3 
 .bss.disk      0x20000558        0xc ./Middlewares/Third_Party/FatFs/src/ff_gen_drv.o
                0x20000558                disk
 .bss.hUsbDeviceFS
                0x20000564      0x2dc ./USB_DEVICE/App/usb_device.o
                0x20000564                hUsbDeviceFS
 .bss.UserRxBufferFS
                0x20000840      0x800 ./USB_DEVICE/App/usbd_cdc_if.o
                0x20000840                UserRxBufferFS
 .bss.UserTxBufferFS
                0x20001040      0x800 ./USB_DEVICE/App/usbd_cdc_if.o
                0x20001040                UserTxBufferFS
 .bss.USBD_StrDesc
                0x20001840      0x200 ./USB_DEVICE/App/usbd_desc.o
                0x20001840                USBD_StrDesc
 .bss.hpcd_USB_OTG_FS
                0x20001a40      0x4e4 ./USB_DEVICE/Target/usbd_conf.o
                0x20001a40                hpcd_USB_OTG_FS
 .bss.mem.0     0x20001f24      0x220 ./USB_DEVICE/Target/usbd_conf.o
 .bss.__sf      0x20002144      0x138 C:/Users/berat/.eclipse/com.st.stm32cube.ide.mcu.rcp.product_1.15.0_1209370567_win32_win32_x86_64/plugins/com.st.stm32cube.ide.mcu.externaltools.gnu-tools-for-stm32.12.3.rel1.win32_1.0.200.202406191623/tools/bin/../lib/gcc/arm-none-eabi/12.3.1/../../../../arm-none-eabi/lib/thumb/v7e-m+fp/hard\libc_nano.a(libc_a-findfp.o)
                0x20002144                __sf
 .bss.errno     0x2000227c        0x4 C:/Users/berat/.eclipse/com.st.stm32cube.ide.mcu.rcp.product_1.15.0_1209370567_win32_win32_x86_64/plugins/com.st.stm32cube.ide.mcu.externaltools.gnu-tools-for-stm32.12.3.rel1.win32_1.0.200.202406191623/tools/bin/../lib/gcc/arm-none-eabi/12.3.1/../../../../arm-none-eabi/lib/thumb/v7e-m+fp/hard\libc_nano.a(libc_a-reent.o)
                0x2000227c                errno
 .bss.__lock___malloc_recursive_mutex
                0x20002280        0x1 C:/Users/berat/.eclipse/com.st.stm32cube.ide.mcu.rcp.product_1.15.0_1209370567_win32_win32_x86_64/plugins/com.st.stm32cube.ide.mcu.externaltools.gnu-tools-for-stm32.12.3.rel1.win32_1.0.200.202406191623/tools/bin/../lib/gcc/arm-none-eabi/12.3.1/../../../../arm-none-eabi/lib/thumb/v7e-m+fp/hard\libc_nano.a(libc_a-lock.o)
                0x20002280                __lock___malloc_recursive_mutex
 *fill*         0x20002281        0x3 
 .bss.__malloc_sbrk_start
                0x20002284        0x4 C:/Users/berat/.eclipse/com.st.stm32cube.ide.mcu.rcp.product_1.15.0_1209370567_win32_win32_x86_64/plugins/com.st.stm32cube.ide.mcu.externaltools.gnu-tools-for-stm32.12.3.rel1.win32_1.0.200.202406191623/tools/bin/../lib/gcc/arm-none-eabi/12.3.1/../../../../arm-none-eabi/lib/thumb/v7e-m+fp/hard\libc_nano.a(libc_a-mallocr.o)
                0x20002284                __malloc_sbrk_start
 .bss.__malloc_free_list
                0x20002288        0x4 C:/Users/berat/.eclipse/com.st.stm32cube.ide.mcu.rcp.product_1.15.0_1209370567_win32_win32_x86_64/plugins/com.st.stm32cube.ide.mcu.externaltools.gnu-tools-for-stm32.12.3.rel1.win32_1.0.200.202406191623/tools/bin/../lib/gcc/arm-none-eabi/12.3.1/../../../../arm-none-eabi/lib/thumb/v7e-m+fp/hard\libc_nano.a(libc_a-mallocr.o)
                0x20002288                __malloc_free_list
 *(COMMON)
                0x2000228c                        . = ALIGN (0x4)
                0x2000228c                        _ebss = .
                0x2000228c                        __bss_end__ = _ebss

._user_heap_stack
                0x2000228c      0x604 load address 0x0800dd90
                0x20002290                        . = ALIGN (0x8)
 *fill*         0x2000228c        0x4 
                [!provide]                        PROVIDE (end = .)
                0x20002290                        PROVIDE (_end = .)
                0x20002490                        . = (. + _Min_Heap_Size)
 *fill*         0x20002290      0x200 
                0x20002890                        . = (. + _Min_Stack_Size)
 *fill*         0x20002490      0x400 
                0x20002890                        . = ALIGN (0x8)

/DISCARD/
 libc.a(*)
 libm.a(*)
 libgcc.a(*)

.ARM.attributes
                0x00000000       0x30
 *(.ARM.attributes)
 .ARM.attributes
                0x00000000       0x22 C:/Users/berat/.eclipse/com.st.stm32cube.ide.mcu.rcp.product_1.15.0_1209370567_win32_win32_x86_64/plugins/com.st.stm32cube.ide.mcu.externaltools.gnu-tools-for-stm32.12.3.rel1.win32_1.0.200.202406191623/tools/bin/../lib/gcc/arm-none-eabi/12.3.1/thumb/v7e-m+fp/hard/crti.o
 .ARM.attributes